Component: ARM Compiler 5.06 update 6 (build 750) Tool: armlink [4d35ed]

==============================================================================

Section Cross References

    main.o(i.init_all) refers to lcd.o(i.LCD_DisplayOff) for LCD_DisplayOff
    main.o(i.init_all) refers to lcd.o(i.LCD_Init) for LCD_Init
    main.o(i.init_all) refers to stm32f10x_gpio.o(i.GPIO_ResetBits) for GPIO_ResetBits
    main.o(i.init_all) refers to lcd.o(i.LCD_Clear) for LCD_Clear
    main.o(i.init_all) refers to lcd.o(i.LCD_DisplayOn) for LCD_DisplayOn
    main.o(i.init_all) refers to nvic.o(i.NVIC_config) for NVIC_config
    main.o(i.init_all) refers to led.o(i.led_init) for led_init
    main.o(i.init_all) refers to key.o(i.key_init) for key_init
    main.o(i.init_all) refers to tim.o(i.TIM6_init) for TIM6_init
    main.o(i.init_all) refers to touch_screen.o(i.TOUCH_SCREEN_init) for TOUCH_SCREEN_init
    main.o(i.init_all) refers to rtc.o(i.RTC_init) for RTC_init
    main.o(i.init_all) refers to rtc.o(i.time_config) for time_config
    main.o(i.init_all) refers to motor_control.o(i.MOTOR_init) for MOTOR_init
    main.o(i.init_all) refers to limit_switch.o(i.LS_init) for LS_init
    main.o(i.init_all) refers to sd_operate.o(i.SD_fs_test) for SD_fs_test
    main.o(i.key_action) refers to motor_control.o(i.BedPlateMove) for BedPlateMove
    main.o(i.key_action) refers to key.o(.bss) for key
    main.o(i.main) refers to delay.o(i.Delay_us) for Delay_us
    main.o(i.main) refers to main.o(i.init_all) for init_all
    main.o(i.main) refers to main.o(.data) for .data
    main.o(.data) refers to interface.o(i.HomePage) for HomePage
    bmp.o(i.LCD_ShowBMP) refers to rt_memclr_w.o(.text) for __aeabi_memclr4
    bmp.o(i.LCD_ShowBMP) refers to ff.o(i.f_open) for f_open
    bmp.o(i.LCD_ShowBMP) refers to ff.o(i.f_read) for f_read
    bmp.o(i.LCD_ShowBMP) refers to ff.o(i.f_close) for f_close
    bmp.o(i.LCD_ShowBMP) refers to calloc.o(.text) for calloc
    bmp.o(i.LCD_ShowBMP) refers to h1_free.o(.text) for free
    bmp.o(i.LCD_ShowBMP) refers to ff.o(i.f_lseek) for f_lseek
    bmp.o(i.LCD_ShowBMP) refers to lcd.o(i.RGB565_Calculate) for RGB565_Calculate
    bmp.o(i.LCD_ShowBMP) refers to lcd.o(i.LCD_Fast_DrawPoint) for LCD_Fast_DrawPoint
    delay.o(i.Delay_us) refers to delay.o(.bss) for .bss
    delay.o(i.Delay_us) refers to delay.o(.data) for .data
    delay.o(i.Delay_us) refers to system_stm32f10x.o(.data) for SystemCoreClock
    delay.o(i.SysTick_Init) refers to system_stm32f10x.o(.data) for SystemCoreClock
    delay.o(i.TimingDelay_Decrement) refers to delay.o(.bss) for .bss
    delay.o(i.TimingDelay_Decrement) refers to delay.o(.data) for .data
    key.o(i.key_init) refers to key.o(i.key_struct_init) for key_struct_init
    key.o(i.key_init) refers to stm32f10x_rcc.o(i.RCC_APB2PeriphClockCmd) for RCC_APB2PeriphClockCmd
    key.o(i.key_init) refers to stm32f10x_gpio.o(i.GPIO_Init) for GPIO_Init
    key.o(i.key_init) refers to stm32f10x_gpio.o(i.GPIO_EXTILineConfig) for GPIO_EXTILineConfig
    key.o(i.key_init) refers to stm32f10x_exti.o(i.EXTI_Init) for EXTI_Init
    key.o(i.key_init) refers to misc.o(i.NVIC_Init) for NVIC_Init
    key.o(i.key_init) refers to key.o(.bss) for .bss
    key.o(i.key_struct_init) refers to key.o(.bss) for .bss
    lcd.o(i.Draw_Circle) refers to lcd.o(i.LCD_DrawPoint) for LCD_DrawPoint
    lcd.o(i.LCD_CLearInterface) refers to lcd.o(i.LCD_Fill) for LCD_Fill
    lcd.o(i.LCD_CLearInterface) refers to lcd.o(i.LCD_Clear) for LCD_Clear
    lcd.o(i.LCD_CLearInterface) refers to lcd.o(.bss) for .bss
    lcd.o(i.LCD_Clear) refers to lcd.o(i.LCD_SetCursor) for LCD_SetCursor
    lcd.o(i.LCD_Clear) refers to lcd.o(i.LCD_WriteRAM_Prepare) for LCD_WriteRAM_Prepare
    lcd.o(i.LCD_Clear) refers to lcd.o(.bss) for .bss
    lcd.o(i.LCD_Color_Fill) refers to lcd.o(i.LCD_SetCursor) for LCD_SetCursor
    lcd.o(i.LCD_Color_Fill) refers to lcd.o(i.LCD_WriteRAM_Prepare) for LCD_WriteRAM_Prepare
    lcd.o(i.LCD_DisplayOff) refers to lcd.o(i.LCD_WriteReg) for LCD_WriteReg
    lcd.o(i.LCD_DisplayOff) refers to lcd.o(.bss) for .bss
    lcd.o(i.LCD_DisplayOn) refers to lcd.o(i.LCD_WriteReg) for LCD_WriteReg
    lcd.o(i.LCD_DisplayOn) refers to lcd.o(.bss) for .bss
    lcd.o(i.LCD_Display_Dir) refers to lcd.o(i.LCD_Scan_Dir) for LCD_Scan_Dir
    lcd.o(i.LCD_Display_Dir) refers to lcd.o(.bss) for .bss
    lcd.o(i.LCD_DrawLine) refers to lcd.o(i.LCD_DrawPoint) for LCD_DrawPoint
    lcd.o(i.LCD_DrawPoint) refers to lcd.o(i.LCD_SetCursor) for LCD_SetCursor
    lcd.o(i.LCD_DrawPoint) refers to lcd.o(i.LCD_WriteRAM_Prepare) for LCD_WriteRAM_Prepare
    lcd.o(i.LCD_DrawPoint) refers to lcd.o(.data) for .data
    lcd.o(i.LCD_DrawRectangle) refers to lcd.o(i.LCD_DrawLine) for LCD_DrawLine
    lcd.o(i.LCD_Fast_DrawPoint) refers to lcd.o(i.LCD_WriteReg) for LCD_WriteReg
    lcd.o(i.LCD_Fast_DrawPoint) refers to lcd.o(.bss) for .bss
    lcd.o(i.LCD_Fill) refers to lcd.o(i.LCD_SetCursor) for LCD_SetCursor
[...]
    _maybe_terminate_alloc                   0x08000229   Thumb Code     0  maybetermalloc1.o(.emb_text)
    NMI_Handler                              0x08000231   Thumb Code     2  startup_stm32f10x_hd.o(.text)
    HardFault_Handler                        0x08000233   Thumb Code     2  startup_stm32f10x_hd.o(.text)
    MemManage_Handler                        0x08000235   Thumb Code     2  startup_stm32f10x_hd.o(.text)
    BusFault_Handler                         0x08000237   Thumb Code     2  startup_stm32f10x_hd.o(.text)
    UsageFault_Handler                       0x08000239   Thumb Code     2  startup_stm32f10x_hd.o(.text)
    SVC_Handler                              0x0800023b   Thumb Code     2  startup_stm32f10x_hd.o(.text)
    DebugMon_Handler                         0x0800023d   Thumb Code     2  startup_stm32f10x_hd.o(.text)
    PendSV_Handler                           0x0800023f   Thumb Code     2  startup_stm32f10x_hd.o(.text)
    SysTick_Handler                          0x08000241   Thumb Code     2  startup_stm32f10x_hd.o(.text)
    ADC1_2_IRQHandler                        0x08000243   Thumb Code     0  startup_stm32f10x_hd.o(.text)
    ADC3_IRQHandler                          0x08000243   Thumb Code     0  startup_stm32f10x_hd.o(.text)
    CAN1_RX1_IRQHandler                      0x08000243   Thumb Code     0  startup_stm32f10x_hd.o(.text)
    CAN1_SCE_IRQHandler                      0x08000243   Thumb Code     0  startup_stm32f10x_hd.o(.text)
    DMA1_Channel1_IRQHandler                 0x08000243   Thumb Code     0  startup_stm32f10x_hd.o(.text)
    DMA1_Channel2_IRQHandler                 0x08000243   Thumb Code     0  startup_stm32f10x_hd.o(.text)
    DMA1_Channel3_IRQHandler                 0x08000243   Thumb Code     0  startup_stm32f10x_hd.o(.text)
    DMA1_Channel4_IRQHandler                 0x08000243   Thumb Code     0  startup_stm32f10x_hd.o(.text)
    DMA1_Channel5_IRQHandler                 0x08000243   Thumb Code     0  startup_stm32f10x_hd.o(.text)
    DMA1_Channel6_IRQHandler                 0x08000243   Thumb Code     0  startup_stm32f10x_hd.o(.text)
    DMA1_Channel7_IRQHandler                 0x08000243   Thumb Code     0  startup_stm32f10x_hd.o(.text)
    DMA2_Channel1_IRQHandler                 0x08000243   Thumb Code     0  startup_stm32f10x_hd.o(.text)
    DMA2_Channel2_IRQHandler                 0x08000243   Thumb Code     0  startup_stm32f10x_hd.o(.text)
    DMA2_Channel3_IRQHandler                 0x08000243   Thumb Code     0  startup_stm32f10x_hd.o(.text)
    DMA2_Channel4_5_IRQHandler               0x08000243   Thumb Code     0  startup_stm32f10x_hd.o(.text)
    EXTI15_10_IRQHandler                     0x08000243   Thumb Code     0  startup_stm32f10x_hd.o(.text)
    EXTI1_IRQHandler                         0x08000243   Thumb Code     0  startup_stm32f10x_hd.o(.text)
    EXTI9_5_IRQHandler                       0x08000243   Thumb Code     0  startup_stm32f10x_hd.o(.text)
    FLASH_IRQHandler                         0x08000243   Thumb Code     0  startup_stm32f10x_hd.o(.text)
    FSMC_IRQHandler                          0x08000243   Thumb Code     0  startup_stm32f10x_hd.o(.text)
    I2C1_ER_IRQHandler                       0x08000243   Thumb Code     0  startup_stm32f10x_hd.o(.text)
    I2C1_EV_IRQHandler                       0x08000243   Thumb Code     0  startup_stm32f10x_hd.o(.text)
    I2C2_ER_IRQHandler                       0x08000243   Thumb Code     0  startup_stm32f10x_hd.o(.text)
    I2C2_EV_IRQHandler                       0x08000243   Thumb Code     0  startup_stm32f10x_hd.o(.text)
    PVD_IRQHandler                           0x08000243   Thumb Code     0  startup_stm32f10x_hd.o(.text)
    RCC_IRQHandler                           0x08000243   Thumb Code     0  startup_stm32f10x_hd.o(.text)
    RTCAlarm_IRQHandler                      0x08000243   Thumb Code     0  startup_stm32f10x_hd.o(.text)
    SPI1_IRQHandler                          0x08000243   Thumb Code     0  startup_stm32f10x_hd.o(.text)
    SPI2_IRQHandler                          0x08000243   Thumb Code     0  startup_stm32f10x_hd.o(.text)
    SPI3_IRQHandler                          0x08000243   Thumb Code     0  startup_stm32f10x_hd.o(.text)
    TAMPER_IRQHandler                        0x08000243   Thumb Code     0  startup_stm32f10x_hd.o(.text)
    TIM1_BRK_IRQHandler                      0x08000243   Thumb Code     0  startup_stm32f10x_hd.o(.text)
    TIM1_CC_IRQHandler                       0x08000243   Thumb Code     0  startup_stm32f10x_hd.o(.text)
    TIM1_TRG_COM_IRQHandler                  0x08000243   Thumb Code     0  startup_stm32f10x_hd.o(.text)
    TIM1_UP_IRQHandler                       0x08000243   Thumb Code     0  startup_stm32f10x_hd.o(.text)
    TIM2_IRQHandler                          0x08000243   Thumb Code     0  startup_stm32f10x_hd.o(.text)
    TIM3_IRQHandler                          0x08000243   Thumb Code     0  startup_stm32f10x_hd.o(.text)
    TIM4_IRQHandler                          0x08000243   Thumb Code     0  startup_stm32f10x_hd.o(.text)
    TIM5_IRQHandler                          0x08000243   Thumb Code     0  startup_stm32f10x_hd.o(.text)
    TIM7_IRQHandler                          0x08000243   Thumb Code     0  startup_stm32f10x_hd.o(.text)
    TIM8_BRK_IRQHandler                      0x08000243   Thumb Code     0  startup_stm32f10x_hd.o(.text)
    TIM8_CC_IRQHandler                       0x08000243   Thumb Code     0  startup_stm32f10x_hd.o(.text)
    TIM8_TRG_COM_IRQHandler                  0x08000243   Thumb Code     0  startup_stm32f10x_hd.o(.text)
    TIM8_UP_IRQHandler                       0x08000243   Thumb Code     0  startup_stm32f10x_hd.o(.text)
    UART4_IRQHandler                         0x08000243   Thumb Code     0  startup_stm32f10x_hd.o(.text)
    UART5_IRQHandler                         0x08000243   Thumb Code     0  startup_stm32f10x_hd.o(.text)
    USART1_IRQHandler                        0x08000243   Thumb Code     0  startup_stm32f10x_hd.o(.text)
    USART2_IRQHandler                        0x08000243   Thumb Code     0  startup_stm32f10x_hd.o(.text)
    USART3_IRQHandler                        0x08000243   Thumb Code     0  startup_stm32f10x_hd.o(.text)
    USBWakeUp_IRQHandler                     0x08000243   Thumb Code     0  startup_stm32f10x_hd.o(.text)
    USB_HP_CAN1_TX_IRQHandler                0x08000243   Thumb Code     0  startup_stm32f10x_hd.o(.text)
    USB_LP_CAN1_RX0_IRQHandler               0x08000243   Thumb Code     0  startup_stm32f10x_hd.o(.text)
    WWDG_IRQHandler                          0x08000243   Thumb Code     0  startup_stm32f10x_hd.o(.text)
    __user_initial_stackheap                 0x08000245   Thumb Code     0  startup_stm32f10x_hd.o(.text)
    calloc                                   0x08000269   Thumb Code    40  calloc.o(.text)
    free                                     0x08000291   Thumb Code    78  h1_free.o(.text)
    __2sprintf                               0x080002e1   Thumb Code    34  noretval__2sprintf.o(.text)
    __printf                                 0x08000309   Thumb Code   104  __printf.o(.text)
    _printf_str                              0x08000371   Thumb Code    82  _printf_str.o(.text)
    _printf_int_dec                          0x080003c5   Thumb Code   104  _printf_dec.o(.text)
    strlen                                   0x0800043d   Thumb Code    62  strlen.o(.text)
    __aeabi_memcpy                           0x0800047b   Thumb Code     0  rt_memcpy_v6.o(.text)
    __rt_memcpy                              0x0800047b   Thumb Code   138  rt_memcpy_v6.o(.text)
    _memcpy_lastbytes                        0x080004e1   Thumb Code     0  rt_memcpy_v6.o(.text)
    __aeabi_memclr4                          0x08000505   Thumb Code     0  rt_memclr_w.o(.text)
    __aeabi_memclr8                          0x08000505   Thumb Code     0  rt_memclr_w.o(.text)
    __rt_memclr_w                            0x08000505   Thumb Code    78  rt_memclr_w.o(.text)
    _memset_w                                0x08000509   Thumb Code     0  rt_memclr_w.o(.text)
    __use_two_region_memory                  0x08000553   Thumb Code     2  heapauxi.o(.text)
    __rt_heap_escrow                         0x08000555   Thumb Code     2  heapauxi.o(.text)
    __rt_heap_expand                         0x08000557   Thumb Code     2  heapauxi.o(.text)
    __cpp_initialize__aeabi_                 0x08000559   Thumb Code    26  init_aeabi.o(.text)
    __rt_heap_descriptor                     0x0800057d   Thumb Code     8  rt_heap_descriptor_intlibspace.o(.text)
    __use_no_heap                            0x08000585   Thumb Code     2  hguard.o(.text)
    __heap$guard                             0x08000587   Thumb Code     2  hguard.o(.text)
    _terminate_user_alloc                    0x08000589   Thumb Code     2  init_alloc.o(.text)
    _init_user_alloc                         0x0800058b   Thumb Code     2  init_alloc.o(.text)
    __Heap_Full                              0x0800058d   Thumb Code    34  init_alloc.o(.text)
    __Heap_Broken                            0x080005af   Thumb Code     6  init_alloc.o(.text)
    _init_alloc                              0x080005b5   Thumb Code    94  init_alloc.o(.text)
    malloc                                   0x08000613   Thumb Code    94  h1_alloc.o(.text)
    _printf_int_common                       0x08000671   Thumb Code   178  _printf_intcommon.o(.text)
    _printf_char_common                      0x0800072f   Thumb Code    32  _printf_char_common.o(.text)
    _sputc                                   0x08000755   Thumb Code    10  _sputc.o(.text)
    _printf_cs_common                        0x0800075f   Thumb Code    20  _printf_char.o(.text)
    _printf_char                             0x08000773   Thumb Code    16  _printf_char.o(.text)
    _printf_string                           0x08000783   Thumb Code     8  _printf_char.o(.text)
    __aeabi_memcpy4                          0x0800078b   Thumb Code     0  rt_memcpy_w.o(.text)
    __aeabi_memcpy8                          0x0800078b   Thumb Code     0  rt_memcpy_w.o(.text)
    __rt_memcpy_w                            0x0800078b   Thumb Code   100  rt_memcpy_w.o(.text)
    _memcpy_lastbytes_aligned                0x080007d3   Thumb Code     0  rt_memcpy_w.o(.text)
    __aeabi_memclr                           0x080007ef   Thumb Code     0  rt_memclr.o(.text)
    __rt_memclr                              0x080007ef   Thumb Code    68  rt_memclr.o(.text)
    _memset                                  0x080007f3   Thumb Code     0  rt_memclr.o(.text)
    __user_libspace                          0x08000835   Thumb Code     8  libspace.o(.text)
    __user_perproc_libspace                  0x08000835   Thumb Code     0  libspace.o(.text)
    __user_perthread_libspace                0x08000835   Thumb Code     0  libspace.o(.text)
    __Heap_Initialize                        0x0800083d   Thumb Code    10  h1_init.o(.text)
    __Heap_DescSize                          0x08000847   Thumb Code     4  h1_init.o(.text)
    __Heap_ProvideMemory                     0x0800084b   Thumb Code    52  h1_extend.o(.text)
    __rt_SIGRTMEM                            0x0800087f   Thumb Code    14  defsig_rtmem_outer.o(.text)
    __user_setup_stackheap                   0x0800088d   Thumb Code    74  sys_stackheap_outer.o(.text)
    exit                                     0x080008d7   Thumb Code    18  exit.o(.text)
    __sig_exit                               0x080008e9   Thumb Code    10  defsig_exit.o(.text)
    __rt_SIGRTMEM_inner                      0x080008f5   Thumb Code    22  defsig_rtmem_inner.o(.text)
    _sys_exit                                0x08000945   Thumb Code     8  sys_exit.o(.text)
    __I$use$semihosting                      0x08000951   Thumb Code     0  use_no_semi.o(.text)
    __use_no_semihosting_swi                 0x08000951   Thumb Code     2  use_no_semi.o(.text)
    __default_signal_display                 0x08000953   Thumb Code    50  defsig_general.o(.text)
    __semihosting_library_function           0x08000953   Thumb Code     0  indicate_semi.o(.text)
    _ttywrch                                 0x08000985   Thumb Code    14  sys_wrch.o(.text)
    AutoTakePatient                          0x08000995   Thumb Code   642  trans_bed.o(i.AutoTakePatient)
    BKP_DeInit                               0x08000d49   Thumb Code    18  stm32f10x_bkp.o(i.BKP_DeInit)
    BKP_ReadBackupRegister                   0x08000d5d   Thumb Code    12  stm32f10x_bkp.o(i.BKP_ReadBackupRegister)
    BKP_WriteBackupRegister                  0x08000d6d   Thumb Code    12  stm32f10x_bkp.o(i.BKP_WriteBackupRegister)
    BackAdjust                               0x08000d7d   Thumb Code   140  motor_control.o(i.BackAdjust)
    BedHeightAdjust                          0x08000e15   Thumb Code   134  motor_control.o(i.BedHeightAdjust)
    BedPlateMove                             0x08000ea9   Thumb Code   286  motor_control.o(i.BedPlateMove)
    ButtonPressJudgement                     0x08000fe1   Thumb Code    48  interface.o(i.ButtonPressJudgement)
    CmdError                                 0x08001015   Thumb Code    36  sdio_sdcard.o(i.CmdError)
    CmdResp1Error                            0x0800103d   Thumb Code    56  sdio_sdcard.o(i.CmdResp1Error)
    CmdResp2Error                            0x08001079   Thumb Code    64  sdio_sdcard.o(i.CmdResp2Error)
    CmdResp3Error                            0x080010bd   Thumb Code    36  sdio_sdcard.o(i.CmdResp3Error)
    CmdResp6Error                            0x080010e5   Thumb Code    98  sdio_sdcard.o(i.CmdResp6Error)
    CmdResp7Error                            0x0800114d   Thumb Code    58  sdio_sdcard.o(i.CmdResp7Error)
    ConveyorMove                             0x0800118d   Thumb Code    94  motor_control.o(i.ConveyorMove)
    Delay_us                                 0x080011fd   Thumb Code    54  delay.o(i.Delay_us)
    EXTI0_IRQHandler                         0x08001245   Thumb Code    58  stm32f10x_it.o(i.EXTI0_IRQHandler)
    EXTI2_IRQHandler                         0x08001285   Thumb Code    70  stm32f10x_it.o(i.EXTI2_IRQHandler)
    EXTI3_IRQHandler                         0x080012d1   Thumb Code    58  stm32f10x_it.o(i.EXTI3_IRQHandler)
    EXTI4_IRQHandler                         0x08001311   Thumb Code    56  stm32f10x_it.o(i.EXTI4_IRQHandler)
    EXTI_ClearITPendingBit                   0x0800134d   Thumb Code     6  stm32f10x_exti.o(i.EXTI_ClearITPendingBit)
    EXTI_Init                                0x08001359   Thumb Code   108  stm32f10x_exti.o(i.EXTI_Init)
    FLASH_ClearFlag                          0x080013c9   Thumb Code     6  stm32f10x_flash.o(i.FLASH_ClearFlag)
    FLASH_Erase                              0x080013d5   Thumb Code    52  flash.o(i.FLASH_Erase)
    FLASH_ErasePage                          0x08001409   Thumb Code    56  stm32f10x_flash.o(i.FLASH_ErasePage)
    FLASH_GetBank1Status                     0x08001445   Thumb Code    34  stm32f10x_flash.o(i.FLASH_GetBank1Status)
    FLASH_Lock                               0x0800146d   Thumb Code    12  stm32f10x_flash.o(i.FLASH_Lock)
    FLASH_ProgramHalfWord                    0x0800147d   Thumb Code    48  stm32f10x_flash.o(i.FLASH_ProgramHalfWord)
    FLASH_ProgramWord                        0x080014b1   Thumb Code    76  stm32f10x_flash.o(i.FLASH_ProgramWord)
    FLASH_Read                               0x08001501   Thumb Code    24  flash.o(i.FLASH_Read)
    FLASH_Read_32                            0x08001519   Thumb Code    22  flash.o(i.FLASH_Read_32)
    FLASH_Unlock                             0x08001531   Thumb Code    12  stm32f10x_flash.o(i.FLASH_Unlock)
    FLASH_WaitForLastOperation               0x08001549   Thumb Code    34  stm32f10x_flash.o(i.FLASH_WaitForLastOperation)
    FLASH_WriteData                          0x0800156b   Thumb Code    62  flash.o(i.FLASH_WriteData)
    FLASH_WriteData_32                       0x080015a9   Thumb Code    62  flash.o(i.FLASH_WriteData_32)
    FSMC_NORSRAMCmd                          0x080015e9   Thumb Code    26  stm32f10x_fsmc.o(i.FSMC_NORSRAMCmd)
    FSMC_NORSRAMInit                         0x08001609   Thumb Code   200  stm32f10x_fsmc.o(i.FSMC_NORSRAMInit)
    FindSCR                                  0x080016d1   Thumb Code   210  sdio_sdcard.o(i.FindSCR)
    GPIO_EXTILineConfig                      0x080017ad   Thumb Code    34  stm32f10x_gpio.o(i.GPIO_EXTILineConfig)
    GPIO_Init                                0x080017d5   Thumb Code   156  stm32f10x_gpio.o(i.GPIO_Init)
    GPIO_ReadInputDataBit                    0x08001871   Thumb Code    14  stm32f10x_gpio.o(i.GPIO_ReadInputDataBit)
    GPIO_ResetBits                           0x0800187f   Thumb Code     4  stm32f10x_gpio.o(i.GPIO_ResetBits)
    GPIO_SetBits                             0x08001883   Thumb Code     4  stm32f10x_gpio.o(i.GPIO_SetBits)
    GoHomePage                               0x08001889   Thumb Code    20  interface.o(i.GoHomePage)
    HomePage                                 0x080018ad   Thumb Code   186  interface.o(i.HomePage)
    IsCardProgramming                        0x080019d1   Thumb Code   106  sdio_sdcard.o(i.IsCardProgramming)
    LCD_CLearInterface                       0x08001a45   Thumb Code    46  lcd.o(i.LCD_CLearInterface)
    LCD_Clear                                0x08001a79   Thumb Code   100  lcd.o(i.LCD_Clear)
    LCD_DisplayOff                           0x08001ae5   Thumb Code    58  lcd.o(i.LCD_DisplayOff)
    LCD_DisplayOn                            0x08001b29   Thumb Code    60  lcd.o(i.LCD_DisplayOn)
    LCD_Display_Dir                          0x08001b6d   Thumb Code   348  lcd.o(i.LCD_Display_Dir)
    LCD_DrawLine                             0x08001ccd   Thumb Code   150  lcd.o(i.LCD_DrawLine)
    LCD_DrawPoint                            0x08001d65   Thumb Code    20  lcd.o(i.LCD_DrawPoint)
    LCD_DrawRectangle                        0x08001d81   Thumb Code    56  lcd.o(i.LCD_DrawRectangle)
    LCD_Fast_DrawPoint                       0x08001db9   Thumb Code   126  lcd.o(i.LCD_Fast_DrawPoint)
    LCD_Fill                                 0x08001e41   Thumb Code   132  lcd.o(i.LCD_Fill)
    LCD_FillSquare                           0x08001ecd   Thumb Code    18  lcd.o(i.LCD_FillSquare)
    LCD_Init                                 0x08001ee1   Thumb Code  8926  lcd.o(i.LCD_Init)
    LCD_Pow                                  0x080041c5   Thumb Code    16  lcd.o(i.LCD_Pow)
    LCD_ReadReg                              0x080041d5   Thumb Code    20  lcd.o(i.LCD_ReadReg)
    LCD_Scan_Dir                             0x080041ed   Thumb Code   332  lcd.o(i.LCD_Scan_Dir)
    LCD_SetCursor                            0x08004341   Thumb Code   114  lcd.o(i.LCD_SetCursor)
    LCD_ShowBMP                              0x080043bd   Thumb Code   626  bmp.o(i.LCD_ShowBMP)
    LCD_ShowChar                             0x08004631   Thumb Code   284  lcd.o(i.LCD_ShowChar)
    LCD_ShowNum                              0x0800475d   Thumb Code   118  lcd.o(i.LCD_ShowNum)
    LCD_ShowString                           0x080047d5   Thumb Code   108  lcd.o(i.LCD_ShowString)
    LCD_ShowSymStr                           0x08004845   Thumb Code    86  lcd.o(i.LCD_ShowSymStr)
    LCD_WriteRAM_Prepare                     0x0800489d   Thumb Code    10  lcd.o(i.LCD_WriteRAM_Prepare)
    LCD_WriteReg                             0x080048b1   Thumb Code    10  lcd.o(i.LCD_WriteReg)
    LS_Read_State                            0x080048c1   Thumb Code    14  limit_switch.o(i.LS_Read_State)
    LS_init                                  0x080048d9   Thumb Code    30  limit_switch.o(i.LS_init)
    MOTOR_init                               0x080048fd   Thumb Code   348  motor_control.o(i.MOTOR_init)
    NVIC_Init                                0x08004a7d   Thumb Code    94  misc.o(i.NVIC_Init)
    NVIC_PriorityGroupConfig                 0x08004ae1   Thumb Code    10  misc.o(i.NVIC_PriorityGroupConfig)
    NVIC_RTC_init                            0x08004af5   Thumb Code    32  nvic.o(i.NVIC_RTC_init)
    NVIC_SDIO_init                           0x08004b15   Thumb Code    32  nvic.o(i.NVIC_SDIO_init)
    NVIC_TIM6_init                           0x08004b35   Thumb Code    30  nvic.o(i.NVIC_TIM6_init)
    NVIC_config                              0x08004b53   Thumb Code     8  nvic.o(i.NVIC_config)
    PWR_BackupAccessCmd                      0x08004b5d   Thumb Code     6  stm32f10x_pwr.o(i.PWR_BackupAccessCmd)
    RCC_AHBPeriphClockCmd                    0x08004b69   Thumb Code    18  stm32f10x_rcc.o(i.RCC_AHBPeriphClockCmd)
    RCC_APB1PeriphClockCmd                   0x08004b81   Thumb Code    18  stm32f10x_rcc.o(i.RCC_APB1PeriphClockCmd)
    RCC_APB2PeriphClockCmd                   0x08004b99   Thumb Code    18  stm32f10x_rcc.o(i.RCC_APB2PeriphClockCmd)
    RCC_BackupResetCmd                       0x08004bb1   Thumb Code     6  stm32f10x_rcc.o(i.RCC_BackupResetCmd)
    RCC_GetFlagStatus                        0x08004bbd   Thumb Code    42  stm32f10x_rcc.o(i.RCC_GetFlagStatus)
    RCC_LSEConfig                            0x08004bed   Thumb Code    28  stm32f10x_rcc.o(i.RCC_LSEConfig)
    RCC_RTCCLKCmd                            0x08004c0d   Thumb Code     6  stm32f10x_rcc.o(i.RCC_RTCCLKCmd)
    RCC_RTCCLKConfig                         0x08004c19   Thumb Code    10  stm32f10x_rcc.o(i.RCC_RTCCLKConfig)
    RGB565_Calculate                         0x08004c29   Thumb Code    20  lcd.o(i.RGB565_Calculate)
    RTC_ClearITPendingBit                    0x08004c3d   Thumb Code    10  stm32f10x_rtc.o(i.RTC_ClearITPendingBit)
    RTC_EnterConfigMode                      0x08004c4d   Thumb Code    12  stm32f10x_rtc.o(i.RTC_EnterConfigMode)
    RTC_ExitConfigMode                       0x08004c5d   Thumb Code    12  stm32f10x_rtc.o(i.RTC_ExitConfigMode)
    RTC_GetCounter                           0x08004c6d   Thumb Code    16  stm32f10x_rtc.o(i.RTC_GetCounter)
    RTC_GetITStatus                          0x08004c81   Thumb Code    28  stm32f10x_rtc.o(i.RTC_GetITStatus)
    RTC_IRQHandler                           0x08004ca1   Thumb Code    86  stm32f10x_it.o(i.RTC_IRQHandler)
    RTC_ITConfig                             0x08004d01   Thumb Code    18  stm32f10x_rtc.o(i.RTC_ITConfig)
    RTC_SetCounter                           0x08004d19   Thumb Code    26  stm32f10x_rtc.o(i.RTC_SetCounter)
    RTC_SetPrescaler                         0x08004d39   Thumb Code    28  stm32f10x_rtc.o(i.RTC_SetPrescaler)
    RTC_WaitForLastTask                      0x08004d59   Thumb Code    10  stm32f10x_rtc.o(i.RTC_WaitForLastTask)
    RTC_WaitForSynchro                       0x08004d69   Thumb Code    18  stm32f10x_rtc.o(i.RTC_WaitForSynchro)
    RTC_init                                 0x08004d81   Thumb Code   120  rtc.o(i.RTC_init)
    RefreshMoveState                         0x08004dfd   Thumb Code    82  trans_bed.o(i.RefreshMoveState)
    SDEnWideBus                              0x08004e65   Thumb Code    92  sdio_sdcard.o(i.SDEnWideBus)
    SDIO_Clock_Set                           0x08004ec9   Thumb Code    18  sdio_sdcard.o(i.SDIO_Clock_Set)
    SDIO_IRQHandler                          0x08004ee1   Thumb Code     4  sdio_sdcard.o(i.SDIO_IRQHandler)
    SDIO_Send_Cmd                            0x08004ee5   Thumb Code    44  sdio_sdcard.o(i.SDIO_Send_Cmd)
    SDIO_Send_Data_Cfg                       0x08004f15   Thumb Code    54  sdio_sdcard.o(i.SDIO_Send_Data_Cfg)
    SD_DMA_Config                            0x08004f51   Thumb Code   108  sdio_sdcard.o(i.SD_DMA_Config)
    SD_EnableWideBusOperation                0x08004fc5   Thumb Code    68  sdio_sdcard.o(i.SD_EnableWideBusOperation)
    SD_GetCardInfo                           0x08005011   Thumb Code   526  sdio_sdcard.o(i.SD_GetCardInfo)
    SD_Init                                  0x08005229   Thumb Code   168  sdio_sdcard.o(i.SD_Init)
    SD_InitializeCards                       0x080052f1   Thumb Code   186  sdio_sdcard.o(i.SD_InitializeCards)
    SD_PowerON                               0x080053b9   Thumb Code   298  sdio_sdcard.o(i.SD_PowerON)
    SD_ProcessIRQSrc                         0x080054f5   Thumb Code   200  sdio_sdcard.o(i.SD_ProcessIRQSrc)
    SD_ReadBlock                             0x080055c5   Thumb Code   364  sdio_sdcard.o(i.SD_ReadBlock)
    SD_ReadDisk                              0x08005745   Thumb Code   106  sdio_sdcard.o(i.SD_ReadDisk)
    SD_ReadMultiBlocks                       0x080057b9   Thumb Code   416  sdio_sdcard.o(i.SD_ReadMultiBlocks)
    SD_SelectDeselect                        0x0800596d   Thumb Code    22  sdio_sdcard.o(i.SD_SelectDeselect)
    SD_SetDeviceMode                         0x08005985   Thumb Code    20  sdio_sdcard.o(i.SD_SetDeviceMode)
    SD_WriteBlock                            0x0800599d   Thumb Code   528  sdio_sdcard.o(i.SD_WriteBlock)
    SD_WriteDisk                             0x08005bc1   Thumb Code   102  sdio_sdcard.o(i.SD_WriteDisk)
    SD_WriteMultiBlocks                      0x08005c31   Thumb Code   550  sdio_sdcard.o(i.SD_WriteMultiBlocks)
    SD_fs_test                               0x08005e6d   Thumb Code   108  sd_operate.o(i.SD_fs_test)
    SetPage                                  0x08005f09   Thumb Code    84  trans_bed.o(i.SetPage)
    ShowTitle                                0x08006011   Thumb Code   322  interface.o(i.ShowTitle)
    SwitchPage                               0x08006185   Thumb Code    48  trans_bed.o(i.SwitchPage)
    SystemInit                               0x080061b9   Thumb Code    64  system_stm32f10x.o(i.SystemInit)
    TIM6_IRQHandler                          0x08006209   Thumb Code   106  stm32f10x_it.o(i.TIM6_IRQHandler)
    TIM6_init                                0x08006285   Thumb Code    68  tim.o(i.TIM6_init)
    TIM_ClearFlag                            0x080062d1   Thumb Code     6  stm32f10x_tim.o(i.TIM_ClearFlag)
    TIM_ClearITPendingBit                    0x080062d7   Thumb Code     6  stm32f10x_tim.o(i.TIM_ClearITPendingBit)
    TIM_Cmd                                  0x080062dd   Thumb Code    20  stm32f10x_tim.o(i.TIM_Cmd)
    TIM_GetITStatus                          0x080062f1   Thumb Code    24  stm32f10x_tim.o(i.TIM_GetITStatus)
    TIM_ITConfig                             0x08006309   Thumb Code    16  stm32f10x_tim.o(i.TIM_ITConfig)
    TIM_OC1Init                              0x08006319   Thumb Code   106  stm32f10x_tim.o(i.TIM_OC1Init)
    TIM_OC1PreloadConfig                     0x08006399   Thumb Code    12  stm32f10x_tim.o(i.TIM_OC1PreloadConfig)
    TIM_OC3Init                              0x080063a5   Thumb Code   116  stm32f10x_tim.o(i.TIM_OC3Init)
    TIM_OC3PreloadConfig                     0x08006421   Thumb Code    12  stm32f10x_tim.o(i.TIM_OC3PreloadConfig)
    TIM_SetAutoreload                        0x0800642d   Thumb Code     4  stm32f10x_tim.o(i.TIM_SetAutoreload)
    TIM_SetCompare1                          0x08006431   Thumb Code     4  stm32f10x_tim.o(i.TIM_SetCompare1)
    TIM_SetCompare3                          0x08006435   Thumb Code     4  stm32f10x_tim.o(i.TIM_SetCompare3)
    TIM_TimeBaseInit                         0x08006439   Thumb Code   114  stm32f10x_tim.o(i.TIM_TimeBaseInit)
    TOUCH_SCREEN_init                        0x080064d5   Thumb Code    38  touch_screen.o(i.TOUCH_SCREEN_init)
    TS_Adjusting                             0x08006505   Thumb Code   440  touch_screen.o(i.TS_Adjusting)
    TS_Adjusting_test                        0x08006711   Thumb Code   236  touch_screen.o(i.TS_Adjusting_test)
    TS_Judge_Bad_Point                       0x08006809   Thumb Code    46  touch_screen.o(i.TS_Judge_Bad_Point)
    TS_Read_AD                               0x0800683d   Thumb Code   100  touch_screen.o(i.TS_Read_AD)
    TS_Read_Coordinate                       0x080068a9   Thumb Code   310  touch_screen.o(i.TS_Read_Coordinate)
    TS_SPI_SendByte                          0x080069f5   Thumb Code   124  touch_screen.o(i.TS_SPI_SendByte)
    TS_SPI_init                              0x08006a79   Thumb Code   128  touch_screen.o(i.TS_SPI_init)
    TransBed_APPinit                         0x08006b01   Thumb Code   242  trans_bed.o(i.TransBed_APPinit)
    TransBed_KeyAction                       0x08006c11   Thumb Code    60  trans_bed.o(i.TransBed_KeyAction)
    TransferBed_APP                          0x08006c51   Thumb Code   110  trans_bed.o(i.TransferBed_APP)
    APP::ShowButton()                        0x08006cdd   Thumb Code    82  interface.o(i._ZN3APP10ShowButtonEv)
    APP::AppIfBeSelected()                   0x08006d35   Thumb Code    24  interface.o(i._ZN3APP15AppIfBeSelectedEv)
    APP::GetProgramPointToApp()              0x08006d4d   Thumb Code    14  interface.o(i._ZN3APP20GetProgramPointToAppEv)
    APP::APP(const unsigned short*, bool, bool, void(*)(), unsigned short, unsigned short, const unsigned short*) 0x08006d61   Thumb Code    52  interface.o(i._ZN3APPC1EPKtbbPFvvEttS1_)
    APP::APP__sub_object(const unsigned short*, bool, bool, void(*)(), unsigned short, unsigned short, const unsigned short*) 0x08006d61   Thumb Code     0  interface.o(i._ZN3APPC1EPKtbbPFvvEttS1_)
    Button::ButtonIfBeSelected()             0x08006d95   Thumb Code    90  interface.o(i._ZN6Button18ButtonIfBeSelectedEv)
    Button::Show()                           0x08006df5   Thumb Code   114  interface.o(i._ZN6Button4ShowEv)
    Button::Button(unsigned short, unsigned short, const unsigned short*, unsigned short, const unsigned short*) 0x08006e67   Thumb Code    30  interface.o(i._ZN6ButtonC1EttPKttS1_)
    Button::Button__sub_object(unsigned short, unsigned short, const unsigned short*, unsigned short, const unsigned short*) 0x08006e67   Thumb Code     0  interface.o(i._ZN6ButtonC1EttPKttS1_)
    Button::Button(unsigned short, unsigned short, const unsigned short*, unsigned short, unsigned short, void(*)(), unsigned short, const unsigned short*) 0x08006e85   Thumb Code    32  interface.o(i._ZN6ButtonC1EttPKtttPFvvEtS1_)
    Button::Button__sub_object(unsigned short, unsigned short, const unsigned short*, unsigned short, unsigned short, void(*)(), unsigned short, const unsigned short*) 0x08006e85   Thumb Code     0  interface.o(i._ZN6ButtonC1EttPKtttPFvvEtS1_)
    convert_from_bytes_to_power_of_two       0x08007689   Thumb Code    18  sdio_sdcard.o(i.convert_from_bytes_to_power_of_two)
    disk_initialize                          0x08007ddf   Thumb Code    26  diskio.o(i.disk_initialize)
    disk_ioctl                               0x08007df9   Thumb Code    40  diskio.o(i.disk_ioctl)
    disk_read                                0x08007e21   Thumb Code    38  diskio.o(i.disk_read)
    disk_status                              0x08007e47   Thumb Code    16  diskio.o(i.disk_status)
    disk_write                               0x08007e57   Thumb Code    38  diskio.o(i.disk_write)
    f_close                                  0x08007e7d   Thumb Code    30  ff.o(i.f_close)
    f_lseek                                  0x08007e9b   Thumb Code   308  ff.o(i.f_lseek)
    f_mount                                  0x08007fd1   Thumb Code    66  ff.o(i.f_mount)
    f_open                                   0x08008019   Thumb Code   418  ff.o(i.f_open)
    f_read                                   0x080081bb   Thumb Code   314  ff.o(i.f_read)
    f_sync                                   0x080082f5   Thumb Code   142  ff.o(i.f_sync)
    ff_uni2oem                               0x08008385   Thumb Code    54  ffunicode.o(i.ff_uni2oem)
    ff_wtoupper                              0x080083c1   Thumb Code   126  ffunicode.o(i.ff_wtoupper)
    get_fattime                              0x08008871   Thumb Code    54  diskio.o(i.get_fattime)
    init_all                                 0x080088e5   Thumb Code   124  main.o(i.init_all)
    key_init                                 0x08008969   Thumb Code    88  key.o(i.key_init)
    key_struct_init                          0x080089c5   Thumb Code   178  key.o(i.key_struct_init)
    led_init                                 0x08008acd   Thumb Code    66  led.o(i.led_init)
    mAdjPageInit                             0x08008b19   Thumb Code   138  trans_bed.o(i.mAdjPageInit)
    main                                     0x08008be9   Thumb Code    18  main.o(i.main)
    mainPageFun                              0x08008c05   Thumb Code    34  trans_bed.o(i.mainPageFun)
    mainPageInit                             0x08008c2d   Thumb Code   110  trans_bed.o(i.mainPageInit)
    manualAdjPageFun                         0x08008d05   Thumb Code   232  trans_bed.o(i.manualAdjPageFun)
    setPageInit                              0x08008fc1   Thumb Code   354  trans_bed.o(i.setPageInit)
    settingPageFun                           0x08009169   Thumb Code   608  trans_bed.o(i.settingPageFun)
    time_IncrementCalculate                  0x08009531   Thumb Code   196  rtc.o(i.time_IncrementCalculate)
    time_config                              0x08009601   Thumb Code    40  rtc.o(i.time_config)
    __aeabi_dadd                             0x08009665   Thumb Code     0  daddsub_clz.o(x$fpl$dadd)
    _dadd                                    0x08009665   Thumb Code   332  daddsub_clz.o(x$fpl$dadd)
    __aeabi_d2uiz                            0x080097b5   Thumb Code     0  dfixu.o(x$fpl$dfixu)
    _dfixu                                   0x080097b5   Thumb Code    90  dfixu.o(x$fpl$dfixu)
    __aeabi_ui2d                             0x0800980f   Thumb Code     0  dflt_clz.o(x$fpl$dfltu)
    _dfltu                                   0x0800980f   Thumb Code    38  dflt_clz.o(x$fpl$dfltu)
    __aeabi_dmul                             0x08009835   Thumb Code     0  dmul.o(x$fpl$dmul)
    _dmul                                    0x08009835   Thumb Code   332  dmul.o(x$fpl$dmul)
    __fpl_dnaninf                            0x08009989   Thumb Code   156  dnaninf.o(x$fpl$dnaninf)
    __fpl_dretinf                            0x08009a25   Thumb Code    12  dretinf.o(x$fpl$dretinf)
    __aeabi_dsub                             0x08009a31   Thumb Code     0  daddsub_clz.o(x$fpl$dsub)
    _dsub                                    0x08009a31   Thumb Code   464  daddsub_clz.o(x$fpl$dsub)
    __aeabi_fadd                             0x08009c05   Thumb Code     0  faddsub_clz.o(x$fpl$fadd)
    _fadd                                    0x08009c05   Thumb Code   196  faddsub_clz.o(x$fpl$fadd)
    __aeabi_fdiv                             0x08009cc9   Thumb Code     0  fdiv.o(x$fpl$fdiv)
    _fdiv                                    0x08009cc9   Thumb Code   384  fdiv.o(x$fpl$fdiv)
    __aeabi_f2uiz                            0x08009e4d   Thumb Code     0  ffixu.o(x$fpl$ffixu)
    _ffixu                                   0x08009e4d   Thumb Code    62  ffixu.o(x$fpl$ffixu)
    __aeabi_i2f                              0x08009e8d   Thumb Code     0  fflt_clz.o(x$fpl$fflt)
    _fflt                                    0x08009e8d   Thumb Code    48  fflt_clz.o(x$fpl$fflt)
    __aeabi_ui2f                             0x08009ebd   Thumb Code     0  fflt_clz.o(x$fpl$ffltu)
    _ffltu                                   0x08009ebd   Thumb Code    38  fflt_clz.o(x$fpl$ffltu)
    __aeabi_fmul                             0x08009ee5   Thumb Code     0  fmul.o(x$fpl$fmul)
    _fmul                                    0x08009ee5   Thumb Code   258  fmul.o(x$fpl$fmul)
    __fpl_fnaninf                            0x08009fe7   Thumb Code   140  fnaninf.o(x$fpl$fnaninf)
    __fpl_fretinf                            0x0800a073   Thumb Code    10  fretinf.o(x$fpl$fretinf)
    __aeabi_frsub                            0x0800a07d   Thumb Code     0  faddsub_clz.o(x$fpl$frsb)
    _frsb                                    0x0800a07d   Thumb Code    20  faddsub_clz.o(x$fpl$frsb)
    __aeabi_fsub                             0x0800a091   Thumb Code     0  faddsub_clz.o(x$fpl$fsub)
    _fsub                                    0x0800a091   Thumb Code   234  faddsub_clz.o(x$fpl$fsub)
    __I$use$fp                               0x0800a17a   Number         0  usenofp.o(x$fpl$usenofp)
    asc2_1206                                0x0800a17a   Data        1140  lcd.o(.constdata)
    asc2_1608                                0x0800a5ee   Data        1520  lcd.o(.constdata)
    Region$$Table$$Base                      0x0800b1ec   Number         0  anon$$obj.o(Region$$Table)
    Region$$Table$$Limit                     0x0800b20c   Number         0  anon$$obj.o(Region$$Table)
    SHT$$INIT_ARRAY$$Base                    0x0800b20c   Number         0  interface.o(.init_array)
    SHT$$INIT_ARRAY$$Limit                   0x0800b214   Number         0  init_aeabi.o(.init_array)
    appProgramPtr                            0x20000000   Data           4  main.o(.data)
    TimingDelayPtr                           0x20000004   Data           2  delay.o(.data)
    POINT_COLOR                              0x20000006   Data           2  lcd.o(.data)
    BACK_COLOR                               0x20000008   Data           2  lcd.o(.data)
    reset_flag                               0x2000000a   Data           1  rtc.o(.data)
    normal_year_month                        0x2000000c   Data          26  rtc.o(.data)
    leap_year_month                          0x20000026   Data          26  rtc.o(.data)
    time_init                                0x20000040   Data          14  rtc.o(.data)
    time_set                                 0x2000004e   Data          14  rtc.o(.data)
    weeks                                    0x2000005c   Data          42  rtc.o(.data)
    TIM6_Period                              0x20000088   Data           4  tim.o(.data)
    Period_Divide_Counter                    0x2000008c   Data           2  tim.o(.data)
    TS_AD_XY                                 0x20000090   Data           4  touch_screen.o(.data)
    TS_XY                                    0x20000094   Data           4  touch_screen.o(.data)
    TS_XY_pre                                0x20000098   Data           4  touch_screen.o(.data)
    TS_Sample_Coord                          0x2000009c   Data          12  touch_screen.o(.data)
    TS_Adjusting_cof                         0x200000a8   Data          20  touch_screen.o(.data)
    TransferError                            0x200000bf   Data           1  sdio_sdcard.o(.data)
    TransferEnd                              0x200000c0   Data           1  sdio_sdcard.o(.data)
    Conveyor_State                           0x200000c8   Data           1  motor_control.o(.data)
    BedPlate_State                           0x200000c9   Data           1  motor_control.o(.data)
    Back_State                               0x200000ca   Data           1  motor_control.o(.data)
    BedHeight_State                          0x200000cb   Data           1  motor_control.o(.data)
    Conveyor_PWM_Duty                        0x200000cc   Data           2  motor_control.o(.data)
    BED_PWM_Period_ms                        0x200000d0   Data           4  motor_control.o(.data)
    BED_PWM_Period                           0x200000d4   Data           4  motor_control.o(.data)
    LS_State                                 0x200000d8   Data           1  limit_switch.o(.data)
    ShowTitleCmd                             0x200000dc   Data           1  interface.o(.data)
    currentApp                               0x200000dd   Data           1  interface.o(.data)
    appPtr                                   0x200000e0   Data           8  interface.o(.data)
    PageNum                                  0x200000e8   Data           2  trans_bed.o(.data)
    stateIconColor                           0x200000ea   Data           6  trans_bed.o(.data)
    settingData                              0x200000f0   Data          10  trans_bed.o(.data)
    PageButtonPtr                            0x200000fc   Data          12  trans_bed.o(.data)
    mAdjButtonPtr                            0x20000108   Data          44  trans_bed.o(.data)
    SystemCoreClock                          0x2000013c   Data           4  system_stm32f10x.o(.data)
    AHBPrescTable                            0x20000140   Data          16  system_stm32f10x.o(.data)
    TimingDelay                              0x20000150   Data          40  delay.o(.bss)
    key                                      0x20000178   Data         192  key.o(.bss)
    lcddev                                   0x20000238   Data          14  lcd.o(.bss)
    time_and_date                            0x20000246   Data          14  rtc.o(.bss)
    SDCardInfo                               0x20000278   Data          88  sdio_sdcard.o(.bss)
    SDIO_DATA_BUFFER                         0x200002d0   Data         512  sdio_sdcard.o(.bss)
    temp                                     0x200004d0   Data          30  interface.o(.bss)
    darwing                                  0x200004f0   Data          40  interface.o(.bss)
    transferBed                              0x20000518   Data          40  interface.o(.bss)
    fs                                       0x20000540   Data         564  trans_bed.o(.bss)
    mainPage                                 0x20000774   Data          28  trans_bed.o(.bss)
    manualAdjPage                            0x20000790   Data          28  trans_bed.o(.bss)
    settingPage                              0x200007ac   Data          28  trans_bed.o(.bss)
    autoSent                                 0x200007c8   Data          28  trans_bed.o(.bss)
    autoTake                                 0x200007e4   Data          28  trans_bed.o(.bss)
    autoNext                                 0x20000800   Data          28  trans_bed.o(.bss)
    autoCancel                               0x2000081c   Data          28  trans_bed.o(.bss)
    bedUp                                    0x20000838   Data          28  trans_bed.o(.bss)
    bedDown                                  0x20000854   Data          28  trans_bed.o(.bss)
    backUp                                   0x20000870   Data          28  trans_bed.o(.bss)
    backDown                                 0x2000088c   Data          28  trans_bed.o(.bss)
    bedOut                                   0x200008a8   Data          28  trans_bed.o(.bss)
    bedIn                                    0x200008c4   Data          28  trans_bed.o(.bss)
    conveyorOut                              0x200008e0   Data          28  trans_bed.o(.bss)
    conveyorIn                               0x200008fc   Data          28  trans_bed.o(.bss)
    takeIn                                   0x20000918   Data          28  trans_bed.o(.bss)
    sentOut                                  0x20000934   Data          28  trans_bed.o(.bss)
    back                                     0x20000950   Data          28  trans_bed.o(.bss)
    bedOutSpeed                              0x2000096c   Data          28  trans_bed.o(.bss)
    bedInSpeed                               0x20000988   Data          28  trans_bed.o(.bss)
    conveyorOutSpeed                         0x200009a4   Data          28  trans_bed.o(.bss)
    conveyorInSpeed                          0x200009c0   Data          28  trans_bed.o(.bss)
    save                                     0x200009dc   Data          28  trans_bed.o(.bss)
    cancel                                   0x200009f8   Data          28  trans_bed.o(.bss)
    __libspace_start                         0x20000c14   Data          96  libspace.o(.bss)
    __temporary_stack_top$libspace           0x20000c74   Data           0  libspace.o(.bss)



==============================================================================

Memory Map of the image

  Image Entry point : 0x08000131

  Load Region LR_IROM1 (Base: 0x08000000, Size: 0x0000b364, Max: 0x00080000, ABSOLUTE, COMPRESSED[0x0000b2f4])

    Execution Region ER_IROM1 (Exec base: 0x08000000, Load base: 0x08000000, Size: 0x0000b214, Max: 0x00080000, ABSOLUTE)

    Exec Addr    Load Addr    Size         Type   Attr      Idx    E Section Name        Object

    0x08000000   0x08000000   0x00000130   Data   RO         4243    RESET               startup_stm32f10x_hd.o
    0x08000130   0x08000130   0x00000008   Code   RO         4390  * !!!main             c_w.l(__main.o)
    0x08000138   0x08000138   0x00000034   Code   RO         4669    !!!scatter          c_w.l(__scatter.o)
    0x0800016c   0x0800016c   0x0000005a   Code   RO         4667    !!dczerorl2         c_w.l(__dczerorl2.o)
    0x080001c6   0x080001c6   0x00000002   PAD
    0x080001c8   0x080001c8   0x0000001c   Code   RO         4671    !!handler_zi        c_w.l(__scatter_zi.o)
    0x080001e4   0x080001e4   0x00000000   Code   RO         4381    .ARM.Collect$$_printf_percent$$00000000  c_w.l(_printf_percent.o)
    0x080001e4   0x080001e4   0x00000006   Code   RO         4380    .ARM.Collect$$_printf_percent$$00000009  c_w.l(_printf_d.o)
    0x080001ea   0x080001ea   0x00000006   Code   RO         4379    .ARM.Collect$$_printf_percent$$00000014  c_w.l(_printf_s.o)
    0x080001f0   0x080001f0   0x00000004   Code   RO         4476    .ARM.Collect$$_printf_percent$$00000017  c_w.l(_printf_percent_end.o)
    0x080001f4   0x080001f4   0x00000002   Code   RO         4603    .ARM.Collect$$libinit$$00000000  c_w.l(libinit.o)
    0x080001f6   0x080001f6   0x00000000   Code   RO         4482    .ARM.Collect$$libinit$$00000002  c_w.l(libinit2.o)
    0x080001f6   0x080001f6   0x00000000   Code   RO         4484    .ARM.Collect$$libinit$$00000004  c_w.l(libinit2.o)
    0x080001f6   0x080001f6   0x00000008   Code   RO         4485    .ARM.Collect$$libinit$$00000005  c_w.l(libinit2.o)
    0x080001fe   0x080001fe   0x00000000   Code   RO         4487    .ARM.Collect$$libinit$$0000000A  c_w.l(libinit2.o)
    0x080001fe   0x080001fe   0x00000000   Code   RO         4489    .ARM.Collect$$libinit$$0000000C  c_w.l(libinit2.o)
    0x080001fe   0x080001fe   0x00000000   Code   RO         4491    .ARM.Collect$$libinit$$0000000E  c_w.l(libinit2.o)
    0x080001fe   0x080001fe   0x00000000   Code   RO         4494    .ARM.Collect$$libinit$$00000011  c_w.l(libinit2.o)
    0x080001fe   0x080001fe   0x00000000   Code   RO         4496    .ARM.Collect$$libinit$$00000013  c_w.l(libinit2.o)
    0x080001fe   0x080001fe   0x00000000   Code   RO         4498    .ARM.Collect$$libinit$$00000015  c_w.l(libinit2.o)
    0x080001fe   0x080001fe   0x00000000   Code   RO         4500    .ARM.Collect$$libinit$$00000017  c_w.l(libinit2.o)
    0x080001fe   0x080001fe   0x00000000   Code   RO         4502    .ARM.Collect$$libinit$$00000019  c_w.l(libinit2.o)
    0x080001fe   0x080001fe   0x00000000   Code   RO         4504    .ARM.Collect$$libinit$$0000001B  c_w.l(libinit2.o)
    0x080001fe   0x080001fe   0x00000000   Code   RO         4506    .ARM.Collect$$libinit$$0000001D  c_w.l(libinit2.o)
    0x080001fe   0x080001fe   0x00000000   Code   RO         4508    .ARM.Collect$$libinit$$0000001F  c_w.l(libinit2.o)
    0x080001fe   0x080001fe   0x00000000   Code   RO         4510    .ARM.Collect$$libinit$$00000021  c_w.l(libinit2.o)
    0x080001fe   0x080001fe   0x00000000   Code   RO         4512    .ARM.Collect$$libinit$$00000023  c_w.l(libinit2.o)
    0x080001fe   0x080001fe   0x00000000   Code   RO         4514    .ARM.Collect$$libinit$$00000025  c_w.l(libinit2.o)
    0x080001fe   0x080001fe   0x00000000   Code   RO         4518    .ARM.Collect$$libinit$$0000002C  c_w.l(libinit2.o)
    0x080001fe   0x080001fe   0x00000000   Code   RO         4520    .ARM.Collect$$libinit$$0000002E  c_w.l(libinit2.o)
    0x080001fe   0x080001fe   0x00000000   Code   RO         4522    .ARM.Collect$$libinit$$00000030  c_w.l(libinit2.o)
    0x080001fe   0x080001fe   0x00000004   Code   RO         4523    .ARM.Collect$$libinit$$00000031  c_w.l(libinit2.o)
    0x08000202   0x08000202   0x00000000   Code   RO         4524    .ARM.Collect$$libinit$$00000032  c_w.l(libinit2.o)
    0x08000202   0x08000202   0x00000002   Code   RO         4525    .ARM.Collect$$libinit$$00000033  c_w.l(libinit2.o)
    0x08000204   0x08000204   0x00000002   Code   RO         4664    .ARM.Collect$$libshutdown$$00000000  c_w.l(libshutdown.o)
    0x08000206   0x08000206   0x00000000   Code   RO         4620    .ARM.Collect$$libshutdown$$00000002  c_w.l(libshutdown2.o)
    0x08000206   0x08000206   0x00000000   Code   RO         4622    .ARM.Collect$$libshutdown$$00000004  c_w.l(libshutdown2.o)
    0x08000206   0x08000206   0x00000000   Code   RO         4625    .ARM.Collect$$libshutdown$$00000007  c_w.l(libshutdown2.o)
    0x08000206   0x08000206   0x00000000   Code   RO         4628    .ARM.Collect$$libshutdown$$0000000A  c_w.l(libshutdown2.o)
    0x08000206   0x08000206   0x00000000   Code   RO         4630    .ARM.Collect$$libshutdown$$0000000C  c_w.l(libshutdown2.o)
    0x08000206   0x08000206   0x00000000   Code   RO         4633    .ARM.Collect$$libshutdown$$0000000F  c_w.l(libshutdown2.o)
    0x08000206   0x08000206   0x00000002   Code   RO         4634    .ARM.Collect$$libshutdown$$00000010  c_w.l(libshutdown2.o)
    0x08000208   0x08000208   0x00000000   Code   RO         4440    .ARM.Collect$$rtentry$$00000000  c_w.l(__rtentry.o)
    0x08000208   0x08000208   0x00000000   Code   RO         4539    .ARM.Collect$$rtentry$$00000002  c_w.l(__rtentry2.o)
    0x08000208   0x08000208   0x00000006   Code   RO         4551    .ARM.Collect$$rtentry$$00000004  c_w.l(__rtentry4.o)
    0x0800020e   0x0800020e   0x00000000   Code   RO         4541    .ARM.Collect$$rtentry$$00000009  c_w.l(__rtentry2.o)
    0x0800020e   0x0800020e   0x00000004   Code   RO         4542    .ARM.Collect$$rtentry$$0000000A  c_w.l(__rtentry2.o)
    0x08000212   0x08000212   0x00000000   Code   RO         4544    .ARM.Collect$$rtentry$$0000000C  c_w.l(__rtentry2.o)
    0x08000212   0x08000212   0x00000008   Code   RO         4545    .ARM.Collect$$rtentry$$0000000D  c_w.l(__rtentry2.o)
    0x0800021a   0x0800021a   0x00000002   Code   RO         4609    .ARM.Collect$$rtexit$$00000000  c_w.l(rtexit.o)
    0x0800021c   0x0800021c   0x00000000   Code   RO         4638    .ARM.Collect$$rtexit$$00000002  c_w.l(rtexit2.o)
    0x0800021c   0x0800021c   0x00000004   Code   RO         4639    .ARM.Collect$$rtexit$$00000003  c_w.l(rtexit2.o)
    0x08000220   0x08000220   0x00000006   Code   RO         4640    .ARM.Collect$$rtexit$$00000004  c_w.l(rtexit2.o)
    0x08000226   0x08000226   0x00000002   PAD
    0x08000228   0x08000228   0x00000000   Code   RO         4553    .emb_text           c_w.l(maybetermalloc1.o)
    0x08000228   0x08000228   0x00000040   Code   RO         4244    .text               startup_stm32f10x_hd.o
    0x08000268   0x08000268   0x00000028   Code   RO         4293    .text               c_w.l(calloc.o)
    0x08000290   0x08000290   0x0000004e   Code   RO         4295    .text               c_w.l(h1_free.o)
    0x080002de   0x080002de   0x00000002   PAD
    0x080002e0   0x080002e0   0x00000028   Code   RO         4351    .text               c_w.l(noretval__2sprintf.o)
    0x08000308   0x08000308   0x00000068   Code   RO         4353    .text               c_w.l(__printf.o)
    0x08000370   0x08000370   0x00000052   Code   RO         4355    .text               c_w.l(_printf_str.o)
    0x080003c2   0x080003c2   0x00000002   PAD
    0x080003c4   0x080003c4   0x00000078   Code   RO         4357    .text               c_w.l(_printf_dec.o)
    0x0800043c   0x0800043c   0x0000003e   Code   RO         4382    .text               c_w.l(strlen.o)
    0x0800047a   0x0800047a   0x0000008a   Code   RO         4384    .text               c_w.l(rt_memcpy_v6.o)
    0x08000504   0x08000504   0x0000004e   Code   RO         4386    .text               c_w.l(rt_memclr_w.o)
    0x08000552   0x08000552   0x00000006   Code   RO         4388    .text               c_w.l(heapauxi.o)
    0x08000558   0x08000558   0x00000024   Code   RO         4395    .text               c_w.l(init_aeabi.o)
    0x0800057c   0x0800057c   0x00000008   Code   RO         4444    .text               c_w.l(rt_heap_descriptor_intlibspace.o)
    0x08000584   0x08000584   0x00000004   Code   RO         4446    .text               c_w.l(hguard.o)
    0x08000588   0x08000588   0x0000008a   Code   RO         4448    .text               c_w.l(init_alloc.o)
    0x08000612   0x08000612   0x0000005e   Code   RO         4454    .text               c_w.l(h1_alloc.o)
    0x08000670   0x08000670   0x000000b2   Code   RO         4468    .text               c_w.l(_printf_intcommon.o)
    0x08000722   0x08000722   0x00000002   PAD
    0x08000724   0x08000724   0x00000030   Code   RO         4470    .text               c_w.l(_printf_char_common.o)
    0x08000754   0x08000754   0x0000000a   Code   RO         4472    .text               c_w.l(_sputc.o)
    0x0800075e   0x0800075e   0x0000002c   Code   RO         4474    .text               c_w.l(_printf_char.o)
    0x0800078a   0x0800078a   0x00000064   Code   RO         4477    .text               c_w.l(rt_memcpy_w.o)
    0x080007ee   0x080007ee   0x00000044   Code   RO         4479    .text               c_w.l(rt_memclr.o)
    0x08000832   0x08000832   0x00000002   PAD
    0x08000834   0x08000834   0x00000008   Code   RO         4535    .text               c_w.l(libspace.o)
    0x0800083c   0x0800083c   0x0000000e   Code   RO         4555    .text               c_w.l(h1_init.o)
    0x0800084a   0x0800084a   0x00000034   Code   RO         4557    .text               c_w.l(h1_extend.o)
    0x0800087e   0x0800087e   0x0000000e   Code   RO         4565    .text               c_w.l(defsig_rtmem_outer.o)
    0x0800088c   0x0800088c   0x0000004a   Code   RO         4580    .text               c_w.l(sys_stackheap_outer.o)
    0x080008d6   0x080008d6   0x00000012   Code   RO         4588    .text               c_w.l(exit.o)
    0x080008e8   0x080008e8   0x0000000a   Code   RO         4590    .text               c_w.l(defsig_exit.o)
    0x080008f2   0x080008f2   0x00000002   PAD
    0x080008f4   0x080008f4   0x00000050   Code   RO         4592    .text               c_w.l(defsig_rtmem_inner.o)
    0x08000944   0x08000944   0x0000000c   Code   RO         4604    .text               c_w.l(sys_exit.o)
    0x08000950   0x08000950   0x00000002   Code   RO         4606    .text               c_w.l(use_no_semi.o)
    0x08000952   0x08000952   0x00000000   Code   RO         4608    .text               c_w.l(indicate_semi.o)
    0x08000952   0x08000952   0x00000032   Code   RO         4617    .text               c_w.l(defsig_general.o)
    0x08000984   0x08000984   0x0000000e   Code   RO         4635    .text               c_w.l(sys_wrch.o)
    0x08000992   0x08000992   0x00000002   PAD
    0x08000994   0x08000994   0x000003b4   Code   RO         1489    i.AutoTakePatient   trans_bed.o
    0x08000d48   0x08000d48   0x00000012   Code   RO         2088    i.BKP_DeInit        stm32f10x_bkp.o
    0x08000d5a   0x08000d5a   0x00000002   PAD
    0x08000d5c   0x08000d5c   0x00000010   Code   RO         2093    i.BKP_ReadBackupRegister  stm32f10x_bkp.o
    0x08000d6c   0x08000d6c   0x00000010   Code   RO         2097    i.BKP_WriteBackupRegister  stm32f10x_bkp.o
    0x08000d7c   0x08000d7c   0x00000098   Code   RO         1125    i.BackAdjust        motor_control.o
    0x08000e14   0x08000e14   0x00000094   Code   RO         1126    i.BedHeightAdjust   motor_control.o
    0x08000ea8   0x08000ea8   0x00000138   Code   RO         1127    i.BedPlateMove      motor_control.o
    0x08000fe0   0x08000fe0   0x00000034   Code   RO         1216    i.ButtonPressJudgement  interface.o
    0x08001014   0x08001014   0x00000028   Code   RO          898    i.CmdError          sdio_sdcard.o
    0x0800103c   0x0800103c   0x0000003c   Code   RO          899    i.CmdResp1Error     sdio_sdcard.o
    0x08001078   0x08001078   0x00000044   Code   RO          900    i.CmdResp2Error     sdio_sdcard.o
    0x080010bc   0x080010bc   0x00000028   Code   RO          901    i.CmdResp3Error     sdio_sdcard.o
    0x080010e4   0x080010e4   0x00000068   Code   RO          902    i.CmdResp6Error     sdio_sdcard.o
    0x0800114c   0x0800114c   0x00000040   Code   RO          903    i.CmdResp7Error     sdio_sdcard.o
    0x0800118c   0x0800118c   0x00000070   Code   RO         1128    i.ConveyorMove      motor_control.o
    0x080011fc   0x080011fc   0x00000048   Code   RO          229    i.Delay_us          delay.o
    0x08001244   0x08001244   0x00000040   Code   RO          729    i.EXTI0_IRQHandler  stm32f10x_it.o
    0x08001284   0x08001284   0x0000004c   Code   RO          730    i.EXTI2_IRQHandler  stm32f10x_it.o
    0x080012d0   0x080012d0   0x00000040   Code   RO          731    i.EXTI3_IRQHandler  stm32f10x_it.o
    0x08001310   0x08001310   0x0000003c   Code   RO          732    i.EXTI4_IRQHandler  stm32f10x_it.o
    0x0800134c   0x0800134c   0x0000000c   Code   RO         2261    i.EXTI_ClearITPendingBit  stm32f10x_exti.o
    0x08001358   0x08001358   0x00000070   Code   RO         2266    i.EXTI_Init         stm32f10x_exti.o
    0x080013c8   0x080013c8   0x0000000c   Code   RO         2326    i.FLASH_ClearFlag   stm32f10x_flash.o
    0x080013d4   0x080013d4   0x00000034   Code   RO          631    i.FLASH_Erase       flash.o
    0x08001408   0x08001408   0x0000003c   Code   RO         2331    i.FLASH_ErasePage   stm32f10x_flash.o
    0x08001444   0x08001444   0x00000028   Code   RO         2332    i.FLASH_GetBank1Status  stm32f10x_flash.o
    0x0800146c   0x0800146c   0x00000010   Code   RO         2341    i.FLASH_Lock        stm32f10x_flash.o
    0x0800147c   0x0800147c   0x00000034   Code   RO         2344    i.FLASH_ProgramHalfWord  stm32f10x_flash.o
    0x080014b0   0x080014b0   0x00000050   Code   RO         2346    i.FLASH_ProgramWord  stm32f10x_flash.o
    0x08001500   0x08001500   0x00000018   Code   RO          632    i.FLASH_Read        flash.o
    0x08001518   0x08001518   0x00000016   Code   RO          633    i.FLASH_Read_32     flash.o
    0x0800152e   0x0800152e   0x00000002   PAD
    0x08001530   0x08001530   0x00000018   Code   RO         2349    i.FLASH_Unlock      stm32f10x_flash.o
    0x08001548   0x08001548   0x00000022   Code   RO         2353    i.FLASH_WaitForLastOperation  stm32f10x_flash.o
    0x0800156a   0x0800156a   0x0000003e   Code   RO          634    i.FLASH_WriteData   flash.o
    0x080015a8   0x080015a8   0x0000003e   Code   RO          635    i.FLASH_WriteData_32  flash.o
    0x080015e6   0x080015e6   0x00000002   PAD
    0x080015e8   0x080015e8   0x00000020   Code   RO         2521    i.FSMC_NORSRAMCmd   stm32f10x_fsmc.o
    0x08001608   0x08001608   0x000000c8   Code   RO         2523    i.FSMC_NORSRAMInit  stm32f10x_fsmc.o
    0x080016d0   0x080016d0   0x000000dc   Code   RO          904    i.FindSCR           sdio_sdcard.o
    0x080017ac   0x080017ac   0x00000028   Code   RO         2645    i.GPIO_EXTILineConfig  stm32f10x_gpio.o
    0x080017d4   0x080017d4   0x0000009c   Code   RO         2648    i.GPIO_Init         stm32f10x_gpio.o
    0x08001870   0x08001870   0x0000000e   Code   RO         2652    i.GPIO_ReadInputDataBit  stm32f10x_gpio.o
    0x0800187e   0x0800187e   0x00000004   Code   RO         2655    i.GPIO_ResetBits    stm32f10x_gpio.o
    0x08001882   0x08001882   0x00000004   Code   RO         2656    i.GPIO_SetBits      stm32f10x_gpio.o
    0x08001886   0x08001886   0x00000002   PAD
    0x08001888   0x08001888   0x00000024   Code   RO         1217    i.GoHomePage        interface.o
    0x080018ac   0x080018ac   0x00000124   Code   RO         1218    i.HomePage          interface.o
    0x080019d0   0x080019d0   0x00000074   Code   RO          905    i.IsCardProgramming  sdio_sdcard.o
    0x08001a44   0x08001a44   0x00000034   Code   RO          315    i.LCD_CLearInterface  lcd.o
    0x08001a78   0x08001a78   0x0000006c   Code   RO          316    i.LCD_Clear         lcd.o
    0x08001ae4   0x08001ae4   0x00000044   Code   RO          318    i.LCD_DisplayOff    lcd.o
    0x08001b28   0x08001b28   0x00000044   Code   RO          319    i.LCD_DisplayOn     lcd.o
    0x08001b6c   0x08001b6c   0x00000160   Code   RO          320    i.LCD_Display_Dir   lcd.o
    0x08001ccc   0x08001ccc   0x00000096   Code   RO          321    i.LCD_DrawLine      lcd.o
    0x08001d62   0x08001d62   0x00000002   PAD
    0x08001d64   0x08001d64   0x0000001c   Code   RO          322    i.LCD_DrawPoint     lcd.o
    0x08001d80   0x08001d80   0x00000038   Code   RO          323    i.LCD_DrawRectangle  lcd.o
    0x08001db8   0x08001db8   0x00000088   Code   RO          324    i.LCD_Fast_DrawPoint  lcd.o
    0x08001e40   0x08001e40   0x0000008c   Code   RO          325    i.LCD_Fill          lcd.o
    0x08001ecc   0x08001ecc   0x00000012   Code   RO          326    i.LCD_FillSquare    lcd.o
    0x08001ede   0x08001ede   0x00000002   PAD
    0x08001ee0   0x08001ee0   0x000022e4   Code   RO          327    i.LCD_Init          lcd.o
    0x080041c4   0x080041c4   0x00000010   Code   RO          328    i.LCD_Pow           lcd.o
    0x080041d4   0x080041d4   0x00000018   Code   RO          331    i.LCD_ReadReg       lcd.o
    0x080041ec   0x080041ec   0x00000154   Code   RO          332    i.LCD_Scan_Dir      lcd.o
    0x08004340   0x08004340   0x0000007c   Code   RO          333    i.LCD_SetCursor     lcd.o
    0x080043bc   0x080043bc   0x00000272   Code   RO          199    i.LCD_ShowBMP       bmp.o
    0x0800462e   0x0800462e   0x00000002   PAD
    0x08004630   0x08004630   0x0000012c   Code   RO          335    i.LCD_ShowChar      lcd.o
    0x0800475c   0x0800475c   0x00000076   Code   RO          336    i.LCD_ShowNum       lcd.o
    0x080047d2   0x080047d2   0x00000002   PAD
    0x080047d4   0x080047d4   0x00000070   Code   RO          337    i.LCD_ShowString    lcd.o
    0x08004844   0x08004844   0x00000056   Code   RO          338    i.LCD_ShowSymStr    lcd.o
    0x0800489a   0x0800489a   0x00000002   PAD
    0x0800489c   0x0800489c   0x00000014   Code   RO          343    i.LCD_WriteRAM_Prepare  lcd.o
    0x080048b0   0x080048b0   0x00000010   Code   RO          344    i.LCD_WriteReg      lcd.o
    0x080048c0   0x080048c0   0x00000018   Code   RO         1180    i.LS_Read_State     limit_switch.o
    0x080048d8   0x080048d8   0x00000024   Code   RO         1181    i.LS_init           limit_switch.o
    0x080048fc   0x080048fc   0x00000180   Code   RO         1129    i.MOTOR_init        motor_control.o
    0x08004a7c   0x08004a7c   0x00000064   Code   RO         2038    i.NVIC_Init         misc.o
    0x08004ae0   0x08004ae0   0x00000014   Code   RO         2039    i.NVIC_PriorityGroupConfig  misc.o
    0x08004af4   0x08004af4   0x00000020   Code   RO          571    i.NVIC_RTC_init     nvic.o
    0x08004b14   0x08004b14   0x00000020   Code   RO          572    i.NVIC_SDIO_init    nvic.o
    0x08004b34   0x08004b34   0x0000001e   Code   RO          573    i.NVIC_TIM6_init    nvic.o
    0x08004b52   0x08004b52   0x00000008   Code   RO          575    i.NVIC_config       nvic.o
    0x08004b5a   0x08004b5a   0x00000002   PAD
    0x08004b5c   0x08004b5c   0x0000000c   Code   RO         2768    i.PWR_BackupAccessCmd  stm32f10x_pwr.o
    0x08004b68   0x08004b68   0x00000018   Code   RO         2841    i.RCC_AHBPeriphClockCmd  stm32f10x_rcc.o
    0x08004b80   0x08004b80   0x00000018   Code   RO         2842    i.RCC_APB1PeriphClockCmd  stm32f10x_rcc.o
    0x08004b98   0x08004b98   0x00000018   Code   RO         2844    i.RCC_APB2PeriphClockCmd  stm32f10x_rcc.o
    0x08004bb0   0x08004bb0   0x0000000c   Code   RO         2847    i.RCC_BackupResetCmd  stm32f10x_rcc.o
    0x08004bbc   0x08004bbc   0x00000030   Code   RO         2853    i.RCC_GetFlagStatus  stm32f10x_rcc.o
    0x08004bec   0x08004bec   0x00000020   Code   RO         2860    i.RCC_LSEConfig     stm32f10x_rcc.o
    0x08004c0c   0x08004c0c   0x0000000c   Code   RO         2867    i.RCC_RTCCLKCmd     stm32f10x_rcc.o
    0x08004c18   0x08004c18   0x00000010   Code   RO         2868    i.RCC_RTCCLKConfig  stm32f10x_rcc.o
    0x08004c28   0x08004c28   0x00000014   Code   RO          345    i.RGB565_Calculate  lcd.o
    0x08004c3c   0x08004c3c   0x00000010   Code   RO         3053    i.RTC_ClearITPendingBit  stm32f10x_rtc.o
    0x08004c4c   0x08004c4c   0x00000010   Code   RO         3054    i.RTC_EnterConfigMode  stm32f10x_rtc.o
    0x08004c5c   0x08004c5c   0x00000010   Code   RO         3055    i.RTC_ExitConfigMode  stm32f10x_rtc.o
    0x08004c6c   0x08004c6c   0x00000014   Code   RO         3056    i.RTC_GetCounter    stm32f10x_rtc.o
    0x08004c80   0x08004c80   0x00000020   Code   RO         3059    i.RTC_GetITStatus   stm32f10x_rtc.o
    0x08004ca0   0x08004ca0   0x00000060   Code   RO          733    i.RTC_IRQHandler    stm32f10x_it.o
    0x08004d00   0x08004d00   0x00000018   Code   RO         3060    i.RTC_ITConfig      stm32f10x_rtc.o
    0x08004d18   0x08004d18   0x00000020   Code   RO         3062    i.RTC_SetCounter    stm32f10x_rtc.o
    0x08004d38   0x08004d38   0x00000020   Code   RO         3063    i.RTC_SetPrescaler  stm32f10x_rtc.o
    0x08004d58   0x08004d58   0x00000010   Code   RO         3064    i.RTC_WaitForLastTask  stm32f10x_rtc.o
    0x08004d68   0x08004d68   0x00000018   Code   RO         3065    i.RTC_WaitForSynchro  stm32f10x_rtc.o
    0x08004d80   0x08004d80   0x0000007c   Code   RO          679    i.RTC_init          rtc.o
    0x08004dfc   0x08004dfc   0x00000068   Code   RO         1490    i.RefreshMoveState  trans_bed.o
    0x08004e64   0x08004e64   0x00000064   Code   RO          906    i.SDEnWideBus       sdio_sdcard.o
    0x08004ec8   0x08004ec8   0x00000018   Code   RO          907    i.SDIO_Clock_Set    sdio_sdcard.o
    0x08004ee0   0x08004ee0   0x00000004   Code   RO          908    i.SDIO_IRQHandler   sdio_sdcard.o
    0x08004ee4   0x08004ee4   0x00000030   Code   RO          909    i.SDIO_Send_Cmd     sdio_sdcard.o
    0x08004f14   0x08004f14   0x0000003c   Code   RO          910    i.SDIO_Send_Data_Cfg  sdio_sdcard.o
    0x08004f50   0x08004f50   0x00000074   Code   RO          911    i.SD_DMA_Config     sdio_sdcard.o
    0x08004fc4   0x08004fc4   0x0000004c   Code   RO          912    i.SD_EnableWideBusOperation  sdio_sdcard.o
    0x08005010   0x08005010   0x00000218   Code   RO          913    i.SD_GetCardInfo    sdio_sdcard.o
    0x08005228   0x08005228   0x000000c8   Code   RO          914    i.SD_Init           sdio_sdcard.o
    0x080052f0   0x080052f0   0x000000c8   Code   RO          915    i.SD_InitializeCards  sdio_sdcard.o
    0x080053b8   0x080053b8   0x0000013c   Code   RO          917    i.SD_PowerON        sdio_sdcard.o
    0x080054f4   0x080054f4   0x000000d0   Code   RO          918    i.SD_ProcessIRQSrc  sdio_sdcard.o
    0x080055c4   0x080055c4   0x00000180   Code   RO          919    i.SD_ReadBlock      sdio_sdcard.o
    0x08005744   0x08005744   0x00000074   Code   RO          920    i.SD_ReadDisk       sdio_sdcard.o
    0x080057b8   0x080057b8   0x000001b4   Code   RO          921    i.SD_ReadMultiBlocks  sdio_sdcard.o
    0x0800596c   0x0800596c   0x00000016   Code   RO          922    i.SD_SelectDeselect  sdio_sdcard.o
    0x08005982   0x08005982   0x00000002   PAD
    0x08005984   0x08005984   0x00000018   Code   RO          923    i.SD_SetDeviceMode  sdio_sdcard.o
    0x0800599c   0x0800599c   0x00000224   Code   RO          924    i.SD_WriteBlock     sdio_sdcard.o
    0x08005bc0   0x08005bc0   0x00000070   Code   RO          925    i.SD_WriteDisk      sdio_sdcard.o
    0x08005c30   0x08005c30   0x0000023c   Code   RO          926    i.SD_WriteMultiBlocks  sdio_sdcard.o
    0x08005e6c   0x08005e6c   0x0000009c   Code   RO         1101    i.SD_fs_test        sd_operate.o
    0x08005f08   0x08005f08   0x00000060   Code   RO         1491    i.SetPage           trans_bed.o
    0x08005f68   0x08005f68   0x000000a8   Code   RO         4251    i.SetSysClockTo72   system_stm32f10x.o
    0x08006010   0x08006010   0x00000174   Code   RO         1220    i.ShowTitle         interface.o
    0x08006184   0x08006184   0x00000034   Code   RO         1492    i.SwitchPage        trans_bed.o
    0x080061b8   0x080061b8   0x00000050   Code   RO         4253    i.SystemInit        system_stm32f10x.o
    0x08006208   0x08006208   0x0000007c   Code   RO          734    i.TIM6_IRQHandler   stm32f10x_it.o
    0x08006284   0x08006284   0x0000004c   Code   RO          789    i.TIM6_init         tim.o
    0x080062d0   0x080062d0   0x00000006   Code   RO         3515    i.TIM_ClearFlag     stm32f10x_tim.o
    0x080062d6   0x080062d6   0x00000006   Code   RO         3516    i.TIM_ClearITPendingBit  stm32f10x_tim.o
    0x080062dc   0x080062dc   0x00000014   Code   RO         3521    i.TIM_Cmd           stm32f10x_tim.o
    0x080062f0   0x080062f0   0x00000018   Code   RO         3542    i.TIM_GetITStatus   stm32f10x_tim.o
    0x08006308   0x08006308   0x00000010   Code   RO         3546    i.TIM_ITConfig      stm32f10x_tim.o
    0x08006318   0x08006318   0x00000080   Code   RO         3550    i.TIM_OC1Init       stm32f10x_tim.o
    0x08006398   0x08006398   0x0000000c   Code   RO         3553    i.TIM_OC1PreloadConfig  stm32f10x_tim.o
    0x080063a4   0x080063a4   0x0000007c   Code   RO         3560    i.TIM_OC3Init       stm32f10x_tim.o
    0x08006420   0x08006420   0x0000000c   Code   RO         3563    i.TIM_OC3PreloadConfig  stm32f10x_tim.o
    0x0800642c   0x0800642c   0x00000004   Code   RO         3580    i.TIM_SetAutoreload  stm32f10x_tim.o
    0x08006430   0x08006430   0x00000004   Code   RO         3582    i.TIM_SetCompare1   stm32f10x_tim.o
    0x08006434   0x08006434   0x00000004   Code   RO         3584    i.TIM_SetCompare3   stm32f10x_tim.o
    0x08006438   0x08006438   0x0000009c   Code   RO         3592    i.TIM_TimeBaseInit  stm32f10x_tim.o
    0x080064d4   0x080064d4   0x00000030   Code   RO          820    i.TOUCH_SCREEN_init  touch_screen.o
    0x08006504   0x08006504   0x0000020c   Code   RO          821    i.TS_Adjusting      touch_screen.o
    0x08006710   0x08006710   0x000000f8   Code   RO          822    i.TS_Adjusting_test  touch_screen.o
    0x08006808   0x08006808   0x00000034   Code   RO          823    i.TS_Judge_Bad_Point  touch_screen.o
    0x0800683c   0x0800683c   0x0000006c   Code   RO          824    i.TS_Read_AD        touch_screen.o
    0x080068a8   0x080068a8   0x0000014c   Code   RO          825    i.TS_Read_Coordinate  touch_screen.o
    0x080069f4   0x080069f4   0x00000084   Code   RO          827    i.TS_SPI_SendByte   touch_screen.o
    0x08006a78   0x08006a78   0x00000088   Code   RO          828    i.TS_SPI_init       touch_screen.o
    0x08006b00   0x08006b00   0x00000110   Code   RO         1493    i.TransBed_APPinit  trans_bed.o
    0x08006c10   0x08006c10   0x00000040   Code   RO         1494    i.TransBed_KeyAction  trans_bed.o
    0x08006c50   0x08006c50   0x0000008c   Code   RO         1495    i.TransferBed_APP   trans_bed.o
    0x08006cdc   0x08006cdc   0x00000058   Code   RO         1221    i._ZN3APP10ShowButtonEv  interface.o
    0x08006d34   0x08006d34   0x00000018   Code   RO         1222    i._ZN3APP15AppIfBeSelectedEv  interface.o
    0x08006d4c   0x08006d4c   0x00000014   Code   RO         1223    i._ZN3APP20GetProgramPointToAppEv  interface.o
    0x08006d60   0x08006d60   0x00000034   Code   RO         1224    i._ZN3APPC1EPKtbbPFvvEttS1_  interface.o
    0x08006d94   0x08006d94   0x00000060   Code   RO         1226    i._ZN6Button18ButtonIfBeSelectedEv  interface.o
    0x08006df4   0x08006df4   0x00000072   Code   RO         1227    i._ZN6Button4ShowEv  interface.o
    0x08006e66   0x08006e66   0x0000001e   Code   RO         1228    i._ZN6ButtonC1EttPKttS1_  interface.o
    0x08006e84   0x08006e84   0x00000020   Code   RO         1229    i._ZN6ButtonC1EttPKtttPFvvEtS1_  interface.o
    0x08006ea4   0x08006ea4   0x00000088   Code   RO         1230    i.__sti___13_interface_cpp_darwing  interface.o
    0x08006f2c   0x08006f2c   0x00000644   Code   RO         1496    i.__sti___13_trans_bed_cpp_959b0899  trans_bed.o
    0x08007570   0x08007570   0x0000006c   Code   RO         1686    i.check_fs          ff.o
    0x080075dc   0x080075dc   0x00000010   Code   RO         1687    i.chk_chr           ff.o
    0x080075ec   0x080075ec   0x00000018   Code   RO         1688    i.clst2sect         ff.o
    0x08007604   0x08007604   0x00000084   Code   RO         1689    i.cmp_lfn           ff.o
    0x08007688   0x08007688   0x00000012   Code   RO          927    i.convert_from_bytes_to_power_of_two  sdio_sdcard.o
    0x0800769a   0x0800769a   0x000000dc   Code   RO         1690    i.create_chain      ff.o
    0x08007776   0x08007776   0x00000002   PAD
    0x08007778   0x08007778   0x0000023c   Code   RO         1691    i.create_name       ff.o
    0x080079b4   0x080079b4   0x00000008   Code   RO         1692    i.dbc_1st           ff.o
    0x080079bc   0x080079bc   0x0000005a   Code   RO         1693    i.dir_clear         ff.o
    0x08007a16   0x08007a16   0x000000c2   Code   RO         1694    i.dir_find          ff.o
    0x08007ad8   0x08007ad8   0x000000ac   Code   RO         1695    i.dir_next          ff.o
    0x08007b84   0x08007b84   0x000001d8   Code   RO         1697    i.dir_register      ff.o
    0x08007d5c   0x08007d5c   0x00000082   Code   RO         1699    i.dir_sdi           ff.o
    0x08007dde   0x08007dde   0x0000001a   Code   RO         1623    i.disk_initialize   diskio.o
    0x08007df8   0x08007df8   0x00000028   Code   RO         1624    i.disk_ioctl        diskio.o
    0x08007e20   0x08007e20   0x00000026   Code   RO         1625    i.disk_read         diskio.o
    0x08007e46   0x08007e46   0x00000010   Code   RO         1626    i.disk_status       diskio.o
    0x08007e56   0x08007e56   0x00000026   Code   RO         1627    i.disk_write        diskio.o
    0x08007e7c   0x08007e7c   0x0000001e   Code   RO         1700    i.f_close           ff.o
    0x08007e9a   0x08007e9a   0x00000134   Code   RO         1703    i.f_lseek           ff.o
    0x08007fce   0x08007fce   0x00000002   PAD
    0x08007fd0   0x08007fd0   0x00000048   Code   RO         1706    i.f_mount           ff.o
    0x08008018   0x08008018   0x000001a2   Code   RO         1707    i.f_open            ff.o
    0x080081ba   0x080081ba   0x0000013a   Code   RO         1709    i.f_read            ff.o
    0x080082f4   0x080082f4   0x0000008e   Code   RO         1713    i.f_sync            ff.o
    0x08008382   0x08008382   0x00000002   PAD
    0x08008384   0x08008384   0x0000003c   Code   RO         2010    i.ff_uni2oem        ffunicode.o
    0x080083c0   0x080083c0   0x00000088   Code   RO         2011    i.ff_wtoupper       ffunicode.o
    0x08008448   0x08008448   0x00000260   Code   RO         1717    i.find_volume       ff.o
    0x080086a8   0x080086a8   0x00000076   Code   RO         1718    i.follow_path       ff.o
    0x0800871e   0x0800871e   0x00000002   PAD
    0x08008720   0x08008720   0x00000090   Code   RO         1719    i.gen_numname       ff.o
    0x080087b0   0x080087b0   0x000000be   Code   RO         1720    i.get_fat           ff.o
    0x0800886e   0x0800886e   0x00000002   PAD
    0x08008870   0x08008870   0x0000003c   Code   RO         1628    i.get_fattime       diskio.o
    0x080088ac   0x080088ac   0x00000036   Code   RO         1722    i.get_ldnumber      ff.o
    0x080088e2   0x080088e2   0x00000002   PAD
    0x080088e4   0x080088e4   0x00000084   Code   RO            4    i.init_all          main.o
    0x08008968   0x08008968   0x0000005c   Code   RO          273    i.key_init          key.o
    0x080089c4   0x080089c4   0x000000c0   Code   RO          274    i.key_struct_init   key.o
    0x08008a84   0x08008a84   0x00000026   Code   RO         1723    i.ld_clust          ff.o
    0x08008aaa   0x08008aaa   0x00000016   Code   RO         1724    i.ld_dword          ff.o
    0x08008ac0   0x08008ac0   0x0000000a   Code   RO         1725    i.ld_word           ff.o
    0x08008aca   0x08008aca   0x00000002   PAD
    0x08008acc   0x08008acc   0x0000004c   Code   RO          546    i.led_init          led.o
    0x08008b18   0x08008b18   0x000000d0   Code   RO         1497    i.mAdjPageInit      trans_bed.o
    0x08008be8   0x08008be8   0x0000001c   Code   RO            6    i.main              main.o
    0x08008c04   0x08008c04   0x00000028   Code   RO         1498    i.mainPageFun       trans_bed.o
    0x08008c2c   0x08008c2c   0x000000d8   Code   RO         1499    i.mainPageInit      trans_bed.o
    0x08008d04   0x08008d04   0x000000f4   Code   RO         1500    i.manualAdjPageFun  trans_bed.o
    0x08008df8   0x08008df8   0x00000018   Code   RO         1726    i.mem_cmp           ff.o
    0x08008e10   0x08008e10   0x00000012   Code   RO         1727    i.mem_cpy           ff.o
    0x08008e22   0x08008e22   0x0000000c   Code   RO         1728    i.mem_set           ff.o
    0x08008e2e   0x08008e2e   0x00000032   Code   RO         1729    i.move_window       ff.o
    0x08008e60   0x08008e60   0x000000ea   Code   RO         1731    i.put_fat           ff.o
    0x08008f4a   0x08008f4a   0x00000074   Code   RO         1733    i.remove_chain      ff.o
    0x08008fbe   0x08008fbe   0x00000002   PAD
    0x08008fc0   0x08008fc0   0x000001a8   Code   RO         1501    i.setPageInit       trans_bed.o
    0x08009168   0x08009168   0x0000029c   Code   RO         1502    i.settingPageFun    trans_bed.o
    0x08009404   0x08009404   0x00000028   Code   RO         1734    i.st_clust          ff.o
    0x0800942c   0x0800942c   0x00000010   Code   RO         1735    i.st_dword          ff.o
    0x0800943c   0x0800943c   0x00000008   Code   RO         1736    i.st_word           ff.o
    0x08009444   0x08009444   0x0000001a   Code   RO         1737    i.sum_sfn           ff.o
    0x0800945e   0x0800945e   0x00000002   PAD
    0x08009460   0x08009460   0x00000088   Code   RO         1738    i.sync_fs           ff.o
    0x080094e8   0x080094e8   0x00000046   Code   RO         1739    i.sync_window       ff.o
    0x0800952e   0x0800952e   0x00000002   PAD
    0x08009530   0x08009530   0x000000d0   Code   RO          681    i.time_IncrementCalculate  rtc.o
    0x08009600   0x08009600   0x00000030   Code   RO          682    i.time_config       rtc.o
    0x08009630   0x08009630   0x00000034   Code   RO         1740    i.validate          ff.o
    0x08009664   0x08009664   0x00000150   Code   RO         4398    x$fpl$dadd          fz_ws.l(daddsub_clz.o)
    0x080097b4   0x080097b4   0x0000005a   Code   RO         4404    x$fpl$dfixu         fz_ws.l(dfixu.o)
    0x0800980e   0x0800980e   0x00000026   Code   RO         4408    x$fpl$dfltu         fz_ws.l(dflt_clz.o)
    0x08009834   0x08009834   0x00000154   Code   RO         4414    x$fpl$dmul          fz_ws.l(dmul.o)
    0x08009988   0x08009988   0x0000009c   Code   RO         4526    x$fpl$dnaninf       fz_ws.l(dnaninf.o)
    0x08009a24   0x08009a24   0x0000000c   Code   RO         4528    x$fpl$dretinf       fz_ws.l(dretinf.o)
    0x08009a30   0x08009a30   0x000001d4   Code   RO         4400    x$fpl$dsub          fz_ws.l(daddsub_clz.o)
    0x08009c04   0x08009c04   0x000000c4   Code   RO         4416    x$fpl$fadd          fz_ws.l(faddsub_clz.o)
    0x08009cc8   0x08009cc8   0x00000184   Code   RO         4423    x$fpl$fdiv          fz_ws.l(fdiv.o)
    0x08009e4c   0x08009e4c   0x0000003e   Code   RO         4426    x$fpl$ffixu         fz_ws.l(ffixu.o)
    0x08009e8a   0x08009e8a   0x00000002   PAD
    0x08009e8c   0x08009e8c   0x00000030   Code   RO         4431    x$fpl$fflt          fz_ws.l(fflt_clz.o)
    0x08009ebc   0x08009ebc   0x00000026   Code   RO         4430    x$fpl$ffltu         fz_ws.l(fflt_clz.o)
    0x08009ee2   0x08009ee2   0x00000002   PAD
    0x08009ee4   0x08009ee4   0x00000102   Code   RO         4436    x$fpl$fmul          fz_ws.l(fmul.o)
    0x08009fe6   0x08009fe6   0x0000008c   Code   RO         4530    x$fpl$fnaninf       fz_ws.l(fnaninf.o)
    0x0800a072   0x0800a072   0x0000000a   Code   RO         4532    x$fpl$fretinf       fz_ws.l(fretinf.o)
    0x0800a07c   0x0800a07c   0x00000014   Code   RO         4417    x$fpl$frsb          fz_ws.l(faddsub_clz.o)
    0x0800a090   0x0800a090   0x000000ea   Code   RO         4418    x$fpl$fsub          fz_ws.l(faddsub_clz.o)
    0x0800a17a   0x0800a17a   0x00000000   Code   RO         4534    x$fpl$usenofp       fz_ws.l(usenofp.o)
    0x0800a17a   0x0800a17a   0x00000a64   Data   RO          349    .constdata          lcd.o
    0x0800abde   0x0800abde   0x00000012   Data   RO         1247    .constdata          interface.o
    0x0800abf0   0x0800abf0   0x000000aa   Data   RO         1742    .constdata          ff.o
    0x0800ac9a   0x0800ac9a   0x000003ae   Data   RO         2012    .constdata          ffunicode.o
    0x0800b048   0x0800b048   0x000001a2   Data   RO         1519    .constwstring       trans_bed.o
    0x0800b1ea   0x0800b1ea   0x00000002   PAD
    0x0800b1ec   0x0800b1ec   0x00000020   Data   RO         4665    Region$$Table       anon$$obj.o
    0x0800b20c   0x0800b20c   0x00000004   Data   RO         1249    .init_array         interface.o
    0x0800b210   0x0800b20c   0x00000004   Data   RO         1521    .init_array         trans_bed.o
    0x0800b214   0x0800b20c   0x00000000   Data   RO         4393    .init_array         c_w.l(init_aeabi.o)


    Execution Region RW_IRAM1 (Exec base: 0x20000000, Load base: 0x0800b214, Size: 0x00002c78, Max: 0x00010000, ABSOLUTE, COMPRESSED[0x000000e0])

    Exec Addr    Load Addr    Size         Type   Attr      Idx    E Section Name        Object

    0x20000000   COMPRESSED   0x00000004   Data   RW            7    .data               main.o
    0x20000004   COMPRESSED   0x00000002   Data   RW          233    .data               delay.o
    0x20000006   COMPRESSED   0x00000004   Data   RW          351    .data               lcd.o
    0x2000000a   COMPRESSED   0x00000052   Data   RW          684    .data               rtc.o
    0x2000005c   COMPRESSED   0x0000002a   Data   RW          685    .data               rtc.o
    0x20000086   COMPRESSED   0x00000002   PAD
    0x20000088   COMPRESSED   0x00000004   Data   RW          790    .data               tim.o
    0x2000008c   COMPRESSED   0x00000002   Data   RW          791    .data               tim.o
    0x2000008e   COMPRESSED   0x00000002   PAD
    0x20000090   COMPRESSED   0x0000002c   Data   RW          829    .data               touch_screen.o
    0x200000bc   COMPRESSED   0x0000000c   Data   RW          929    .data               sdio_sdcard.o
    0x200000c8   COMPRESSED   0x00000010   Data   RW         1130    .data               motor_control.o
    0x200000d8   COMPRESSED   0x00000001   Data   RW         1182    .data               limit_switch.o
    0x200000d9   COMPRESSED   0x00000003   PAD
    0x200000dc   COMPRESSED   0x0000000c   Data   RW         1248    .data               interface.o
    0x200000e8   COMPRESSED   0x0000004c   Data   RW         1520    .data               trans_bed.o
    0x20000134   COMPRESSED   0x00000008   Data   RW         1743    .data               ff.o
    0x2000013c   COMPRESSED   0x00000014   Data   RW         4254    .data               system_stm32f10x.o
    0x20000150        -       0x00000028   Zero   RW          232    .bss                delay.o
    0x20000178        -       0x000000c0   Zero   RW          275    .bss                key.o
    0x20000238        -       0x0000000e   Zero   RW          348    .bss                lcd.o
    0x20000246        -       0x0000000e   Zero   RW          683    .bss                rtc.o
    0x20000254   COMPRESSED   0x00000004   PAD
    0x20000258        -       0x00000278   Zero   RW          928    .bss                sdio_sdcard.o
    0x200004d0        -       0x00000070   Zero   RW         1246    .bss                interface.o
    0x20000540        -       0x000004d4   Zero   RW         1518    .bss                trans_bed.o
    0x20000a14        -       0x00000200   Zero   RW         1741    .bss                ff.o
    0x20000c14        -       0x00000060   Zero   RW         4536    .bss                c_w.l(libspace.o)
    0x20000c74   COMPRESSED   0x00000004   PAD
    0x20000c78        -       0x00001000   Zero   RW         4242    HEAP                startup_stm32f10x_hd.o
    0x20001c78        -       0x00001000   Zero   RW         4241    STACK               startup_stm32f10x_hd.o


==============================================================================

Image component sizes


      Code (inc. data)   RO Data    RW Data    ZI Data      Debug   Object Name

       626          0          0          0          0       4518   bmp.o
        72         18          0          2         40       1016   delay.o
       218          6          0          0          0       5256   diskio.o
      5408         84        170          8        512      51942   ff.o
       196         26        942          0          0       2203   ffunicode.o
       222          0          0          0          0       3486   flash.o
      1344        268         22         12        112     220539   interface.o
       284         18          0          0        192       2671   key.o
     11284        196       2660          4         14      24973   lcd.o
        76         10          0          0          0        495   led.o
        60         16          0          1          0       1089   limit_switch.o
       160         18          0          4          0     260389   main.o
       120         16          0          0          0       1707   misc.o
      1108        106          0         16          0       5408   motor_control.o
       102          0          0          0          0       1780   nvic.o
       380         24          0        124         14       2509   rtc.o
       156         48          0          0          0        629   sd_operate.o
      4832        276          0         12        632      32348   sdio_sdcard.o
        64         26        304          0       8192        808   startup_stm32f10x_hd.o
        50          8          0          0          0       2856   stm32f10x_bkp.o
       124         10          0          0          0       1729   stm32f10x_exti.o
       318         40          0          0          0       6933   stm32f10x_flash.o
       232          6          0          0          0       2041   stm32f10x_fsmc.o
       218          6          0          0          0       4634   stm32f10x_gpio.o
       484         50          0          0          0       3219   stm32f10x_it.o
        12          6          0          0          0        546   stm32f10x_pwr.o
       192         46          0          0          0       4814   stm32f10x_rcc.o
       228         50          0          0          0       6102   stm32f10x_rtc.o
       516         72          0          0          0      10047   stm32f10x_tim.o
       248         24          0         20          0       1897   system_stm32f10x.o
        76          8          0          6          0        744   tim.o
      1580        158          0         44          0       6962   touch_screen.o
      5080       1720        422         76       1236       9583   trans_bed.o

    ----------------------------------------------------------------------
     36112       3360       4554        336      10948     685873   Object Totals
         0          0         32          0          0          0   (incl. Generated)
        42          0          2          7          4          0   (incl. Padding)

    ----------------------------------------------------------------------

      Code (inc. data)   RO Data    RW Data    ZI Data      Debug   Library Member Name

        90          0          0          0          0          0   __dczerorl2.o
         8          0          0          0          0         68   __main.o
       104          0          0          0          0         84   __printf.o
         0          0          0          0          0          0   __rtentry.o
        12          0          0          0          0          0   __rtentry2.o
         6          0          0          0          0          0   __rtentry4.o
        52          8          0          0          0          0   __scatter.o
        28          0          0          0          0          0   __scatter_zi.o
        44          0          0          0          0        108   _printf_char.o
        48          6          0          0          0         96   _printf_char_common.o
         6          0          0          0          0          0   _printf_d.o
       120         16          0          0          0         92   _printf_dec.o
       178          0          0          0          0         88   _printf_intcommon.o
         0          0          0          0          0          0   _printf_percent.o
         4          0          0          0          0          0   _printf_percent_end.o
         6          0          0          0          0          0   _printf_s.o
        82          0          0          0          0         80   _printf_str.o
        10          0          0          0          0         68   _sputc.o
        40          0          0          0          0         80   calloc.o
        10          0          0          0          0         68   defsig_exit.o
        50          0          0          0          0         88   defsig_general.o
        80         58          0          0          0         76   defsig_rtmem_inner.o
        14          0          0          0          0         80   defsig_rtmem_outer.o
        18          0          0          0          0         80   exit.o
        94          0          0          0          0         80   h1_alloc.o
        52          0          0          0          0         68   h1_extend.o
        78          0          0          0          0         80   h1_free.o
        14          0          0          0          0         84   h1_init.o
         6          0          0          0          0        152   heapauxi.o
         4          0          0          0          0        136   hguard.o
         0          0          0          0          0          0   indicate_semi.o
        36         10          0          0          0         80   init_aeabi.o
       138          0          0          0          0        168   init_alloc.o
         2          0          0          0          0          0   libinit.o
        14          0          0          0          0          0   libinit2.o
         2          0          0          0          0          0   libshutdown.o
         2          0          0          0          0          0   libshutdown2.o
         8          4          0          0         96         68   libspace.o
         0          0          0          0          0          0   maybetermalloc1.o
        40          6          0          0          0         84   noretval__2sprintf.o
         8          4          0          0          0         68   rt_heap_descriptor_intlibspace.o
        68          0          0          0          0         68   rt_memclr.o
        78          0          0          0          0         80   rt_memclr_w.o
       138          0          0          0          0         68   rt_memcpy_v6.o
       100          0          0          0          0         80   rt_memcpy_w.o
         2          0          0          0          0          0   rtexit.o
        10          0          0          0          0          0   rtexit2.o
        62          0          0          0          0         76   strlen.o
        12          4          0          0          0         68   sys_exit.o
        74          0          0          0          0         80   sys_stackheap_outer.o
        14          0          0          0          0         76   sys_wrch.o
         2          0          0          0          0         68   use_no_semi.o
       804         16          0          0          0        272   daddsub_clz.o
        90          4          0          0          0         92   dfixu.o
        38          0          0          0          0         68   dflt_clz.o
       340         12          0          0          0        104   dmul.o
       156          4          0          0          0         92   dnaninf.o
        12          0          0          0          0         68   dretinf.o
       450          8          0          0          0        236   faddsub_clz.o
       388         76          0          0          0         96   fdiv.o
        62          4          0          0          0         84   ffixu.o
        86          0          0          0          0        136   fflt_clz.o
       258          4          0          0          0         84   fmul.o
       140          4          0          0          0         84   fnaninf.o
        10          0          0          0          0         68   fretinf.o
         0          0          0          0          0          0   usenofp.o

    ----------------------------------------------------------------------
      4922        248          0          0        100       4372   Library Totals
        20          0          0          0          4          0   (incl. Padding)

    ----------------------------------------------------------------------

      Code (inc. data)   RO Data    RW Data    ZI Data      Debug   Library Name

      2068        116          0          0         96       2888   c_w.l
      2834        132          0          0          0       1484   fz_ws.l

    ----------------------------------------------------------------------
      4922        248          0          0        100       4372   Library Totals

    ----------------------------------------------------------------------

==============================================================================


      Code (inc. data)   RO Data    RW Data    ZI Data      Debug   

     41034       3608       4554        336      11048     676461   Grand Totals
     41034       3608       4554        224      11048     676461   ELF Image Totals (compressed)
     41034       3608       4554        224          0          0   ROM Totals

==============================================================================

    Total RO  Size (Code + RO Data)                45588 (  44.52kB)
    Total RW  Size (RW Data + ZI Data)             11384 (  11.12kB)
    Total ROM Size (Code + RO Data + RW Data)      45812 (  44.74kB)

==============================================================================

